PHASE: SURFACE - merged manifest excerpt
SOURCE: app/build/intermediates/merged_manifests/debug/processDebugManifest/arm64-v8a/AndroidManifest.xml

--- RELEVANT LINES ---
Line 14:  <uses-permission android:name="android.permission.CHANGE_WIFI_MULTICAST_STATE" />
Line 15:  <uses-permission
Line 16:      android:name="android.permission.NEARBY_WIFI_DEVICES"
Line 17:      android:usesPermissionFlags="neverForLocation" />
...
Line 33:      android:networkSecurityConfig="@xml/network_security_config"
...
Line 37:      android:usesCleartextTraffic="true" >

--- FULL MERGED MANIFEST ---
<?xml version="1.0" encoding="utf-8"?>
<manifest xmlns:android="http://schemas.android.com/apk/res/android"
    package="com.maimai.home.debug"
    android:versionCode="1"
    android:versionName="1.0.0" >

    <uses-sdk
        android:minSdkVersion="24"
        android:targetSdkVersion="35" />

    <uses-permission android:name="android.permission.INTERNET" />
    <uses-permission android:name="android.permission.ACCESS_NETWORK_STATE" />
    <uses-permission android:name="android.permission.ACCESS_WIFI_STATE" />
    <uses-permission android:name="android.permission.CHANGE_WIFI_MULTICAST_STATE" />
    <uses-permission
        android:name="android.permission.NEARBY_WIFI_DEVICES"
        android:usesPermissionFlags="neverForLocation" />

    <application
        android:name="com.maimai.home.App"
        android:allowBackup="true"
        android:appComponentFactory="androidx.core.app.CoreComponentFactory"
        android:debuggable="true"
        android:extractNativeLibs="false"
        android:icon="@drawable/ic_launcher"
        android:label="@string/app_name"
        android:networkSecurityConfig="@xml/network_security_config"
        android:roundIcon="@drawable/ic_launcher"
        android:supportsRtl="true"
        android:theme="@style/Theme.MaimaiHome"
        android:usesCleartextTraffic="true" >
        ...
    </application>

</manifest>
