<?xml version="1.0" encoding="utf-8"?>
<TestRun id="e4c78aea-19f7-4b7f-a2cd-5480770828f4" name="abbey@FRZ-XIAOXIN 2026-05-30 22:52:12" runUser="FRZ-XIAOXIN\abbey" xmlns="http://microsoft.com/schemas/VisualStudio/TeamTest/2010">
  <Times creation="2026-05-30T22:52:12.8892043+08:00" queuing="2026-05-30T22:52:12.8892046+08:00" start="2026-05-30T22:52:12.4888505+08:00" finish="2026-05-30T22:52:12.9137155+08:00" />
  <TestSettings name="default" id="128f60d7-60a0-498c-8603-b6b8d2f789f0">
    <Deployment runDeploymentRoot="abbey_FRZ-XIAOXIN_2026-05-30_22_52_12" />
  </TestSettings>
  <Results>
    <UnitTestResult executionId="d83600d6-63d7-4553-b7f3-ffea220ab78d" testId="339b7fdc-9db0-bdcd-c047-6481e434ba8b" testName="MaimaiHomeAgent.Tests.Files.PathGuardTests.ResolveSafe_AcceptsForwardSlashSubpath" computerName="FRZ-XIAOXIN" duration="00:00:00.0045965" startTime="2026-05-30T22:52:12.8521795+08:00" endTime="2026-05-30T22:52:12.8521906+08:00" testType="13cdc9d9-ddb5-4fa4-a97d-d965ccfc6d4b" outcome="Passed" testListId="8c84fa94-04c1-424b-9868-57a2d4851a1d" relativeResultsDirectory="d83600d6-63d7-4553-b7f3-ffea220ab78d" />
    <UnitTestResult executionId="35987a3d-e76f-4f92-a662-c216ab935609" testId="0a34071b-6e72-9219-b3c3-254f40a99e04" testName="MaimaiHomeAgent.Tests.Files.PathGuardTests.ResolveSafe_RejectsWindowsReservedChars(relativePath: &quot;file&lt;.txt&quot;)" computerName="FRZ-XIAOXIN" duration="00:00:00.0004220" startTime="2026-05-30T22:52:12.8551498+08:00" endTime="2026-05-30T22:52:12.8551498+08:00" testType="13cdc9d9-ddb5-4fa4-a97d-d965ccfc6d4b" outcome="Passed" testListId="8c84fa94-04c1-424b-9868-57a2d4851a1d" relativeResultsDirectory="35987a3d-e76f-4f92-a662-c216ab935609" />
    <UnitTestResult executionId="bf4ad917-45fe-4af8-95ea-6aa2884b34a0" testId="a1b219d6-8e3d-8d74-d557-d5654d2901db" testName="MaimaiHomeAgent.Tests.Files.PathGuardTests.ResolveSafe_RejectsControlChars" computerName="FRZ-XIAOXIN" duration="00:00:00.0004569" startTime="2026-05-30T22:52:12.8731594+08:00" endTime="2026-05-30T22:52:12.8731595+08:00" testType="13cdc9d9-ddb5-4fa4-a97d-d965ccfc6d4b" outcome="Passed" testListId="8c84fa94-04c1-424b-9868-57a2d4851a1d" relativeResultsDirectory="bf4ad917-45fe-4af8-95ea-6aa2884b34a0" />
    <UnitTestResult executionId="a43b39c6-2c3b-437b-beae-f26a8058c155" testId="301d7aa1-0f9f-1718-1c49-abe2747b59e1" testName="MaimaiHomeAgent.Tests.Files.PathGuardTests.ResolveSafe_RejectsAbsolutePaths(relativePath: &quot;/etc/passwd&quot;)" computerName="FRZ-XIAOXIN" duration="00:00:00.0003032" startTime="2026-05-30T22:52:12.8731139+08:00" endTime="2026-05-30T22:52:12.8731139+08:00" testType="13cdc9d9-ddb5-4fa4-a97d-d965ccfc6d4b" outcome="Passed" testListId="8c84fa94-04c1-424b-9868-57a2d4851a1d" relativeResultsDirectory="a43b39c6-2c3b-437b-beae-f26a8058c155" />
    <UnitTestResult executionId="45159b4b-a4e5-499e-addc-b1edbc59cb71" testId="00ccfbc3-9fd9-edf0-40dd-994a18a9c029" testName="MaimaiHomeAgent.Tests.Files.PathGuardTests.ResolveSafe_ResultOk_HasIsOkTrueAndNoError" computerName="FRZ-XIAOXIN" duration="00:00:00.0008941" startTime="2026-05-30T22:52:12.8740769+08:00" endTime="2026-05-30T22:52:12.8740769+08:00" testType="13cdc9d9-ddb5-4fa4-a97d-d965ccfc6d4b" outcome="Passed" testListId="8c84fa94-04c1-424b-9868-57a2d4851a1d" relativeResultsDirectory="45159b4b-a4e5-499e-addc-b1edbc59cb71" />
    <UnitTestResult executionId="c9b7687c-79d9-4628-b8d6-03ae1ccdbfff" testId="2e3f70fc-437b-9329-b890-31cdc193ec52" testName="MaimaiHomeAgent.Tests.Files.PathGuardTests.ResolveSafe_RejectsOutsideRoot(relativePath: &quot;sub/../../../escape&quot;, expectedError: OutsideRoot)" computerName="FRZ-XIAOXIN" duration="00:00:00.0004099" startTime="2026-05-30T22:52:12.8729265+08:00" endTime="2026-05-30T22:52:12.8729266+08:00" testType="13cdc9d9-ddb5-4fa4-a97d-d965ccfc6d4b" outcome="Passed" testListId="8c84fa94-04c1-424b-9868-57a2d4851a1d" relativeResultsDirectory="c9b7687c-79d9-4628-b8d6-03ae1ccdbfff" />
    <UnitTestResult executionId="2221694f-2ca8-4683-89e3-48dfd6cb1090" testId="7d6fb672-a0a8-c085-7366-ccfabc5e37ed" testName="MaimaiHomeAgent.Tests.Files.PathGuardTests.ResolveSafe_RejectsWindowsReservedChars(relativePath: &quot;name|pipe.txt&quot;)" computerName="FRZ-XIAOXIN" duration="00:00:00.0002767" startTime="2026-05-30T22:52:12.8557788+08:00" endTime="2026-05-30T22:52:12.8557788+08:00" testType="13cdc9d9-ddb5-4fa4-a97d-d965ccfc6d4b" outcome="Passed" testListId="8c84fa94-04c1-424b-9868-57a2d4851a1d" relativeResultsDirectory="2221694f-2ca8-4683-89e3-48dfd6cb1090" />
    <UnitTestResult executionId="05d00ede-588f-4c04-8062-944b94ad1eaf" testId="51d7f2ff-b2c1-346c-d1f4-d78e404041ea" testName="MaimaiHomeAgent.Tests.Files.PathGuardTests.ResolveSafe_RejectsWindowsReservedChars(relativePath: &quot;ques?tion.txt&quot;)" computerName="FRZ-XIAOXIN" duration="00:00:00.0002788" startTime="2026-05-30T22:52:12.8554727+08:00" endTime="2026-05-30T22:52:12.8554728+08:00" testType="13cdc9d9-ddb5-4fa4-a97d-d965ccfc6d4b" outcome="Passed" testListId="8c84fa94-04c1-424b-9868-57a2d4851a1d" relativeResultsDirectory="05d00ede-588f-4c04-8062-944b94ad1eaf" />
    <UnitTestResult executionId="0fc2b7e7-5d16-4438-969b-08cb04292360" testId="46151bca-c2d1-4f12-b08f-e1c8c1f7542d" testName="MaimaiHomeAgent.Tests.Files.PathGuardTests.ResolveSafe_RejectsNullChar" computerName="FRZ-XIAOXIN" duration="00:00:00.0003665" startTime="2026-05-30T22:52:12.8568000+08:00" endTime="2026-05-30T22:52:12.8568001+08:00" testType="13cdc9d9-ddb5-4fa4-a97d-d965ccfc6d4b" outcome="Passed" testListId="8c84fa94-04c1-424b-9868-57a2d4851a1d" relativeResultsDirectory="0fc2b7e7-5d16-4438-969b-08cb04292360" />
    <UnitTestResult executionId="6f1a7a9d-f5a4-4eec-afdb-460518c635ad" testId="ad27404d-0928-71b1-8797-e3805fab96a0" testName="MaimaiHomeAgent.Tests.Files.PathGuardTests.ResolveSafe_RejectsWindowsReservedChars(relativePath: &quot;star*.txt&quot;)" computerName="FRZ-XIAOXIN" duration="00:00:00.0002633" startTime="2026-05-30T22:52:12.8560688+08:00" endTime="2026-05-30T22:52:12.8560689+08:00" testType="13cdc9d9-ddb5-4fa4-a97d-d965ccfc6d4b" outcome="Passed" testListId="8c84fa94-04c1-424b-9868-57a2d4851a1d" relativeResultsDirectory="6f1a7a9d-f5a4-4eec-afdb-460518c635ad" />
    <UnitTestResult executionId="5967ad58-8489-49d9-a560-7530860e082b" testId="689f4251-3d5e-dfdf-f4d9-b95f83dbe212" testName="MaimaiHomeAgent.Tests.Files.PathGuardTests.ResolveSafe_AcceptsNormalRelativePath" computerName="FRZ-XIAOXIN" duration="00:00:00.0005830" startTime="2026-05-30T22:52:12.8740411+08:00" endTime="2026-05-30T22:52:12.8740411+08:00" testType="13cdc9d9-ddb5-4fa4-a97d-d965ccfc6d4b" outcome="Passed" testListId="8c84fa94-04c1-424b-9868-57a2d4851a1d" relativeResultsDirectory="5967ad58-8489-49d9-a560-7530860e082b" />
    <UnitTestResult executionId="a310ebe6-2068-47ff-b850-dacc4a225566" testId="d1141ed5-8aa6-406a-59d3-72412a8812c0" testName="MaimaiHomeAgent.Tests.Files.PathGuardTests.ResolveSafe_RejectsAbsolutePaths(relativePath: &quot;D:\\anywhere&quot;)" computerName="FRZ-XIAOXIN" duration="00:00:00.0003777" startTime="2026-05-30T22:52:12.8730965+08:00" endTime="2026-05-30T22:52:12.8730965+08:00" testType="13cdc9d9-ddb5-4fa4-a97d-d965ccfc6d4b" outcome="Passed" testListId="8c84fa94-04c1-424b-9868-57a2d4851a1d" relativeResultsDirectory="a310ebe6-2068-47ff-b850-dacc4a225566" />
    <UnitTestResult executionId="fd201b64-e0de-4c24-ac08-e46f7983a4e1" testId="88523f31-1bd3-803f-a9bb-ad2f0df1b770" testName="MaimaiHomeAgent.Tests.Files.PathGuardTests.ResolveSafe_RejectsOutsideRoot(relativePath: &quot;../../Windows/System32&quot;, expectedError: OutsideRoot)" computerName="FRZ-XIAOXIN" duration="00:00:00.0002721" startTime="2026-05-30T22:52:12.8730486+08:00" endTime="2026-05-30T22:52:12.8730486+08:00" testType="13cdc9d9-ddb5-4fa4-a97d-d965ccfc6d4b" outcome="Passed" testListId="8c84fa94-04c1-424b-9868-57a2d4851a1d" relativeResultsDirectory="fd201b64-e0de-4c24-ac08-e46f7983a4e1" />
    <UnitTestResult executionId="506c3cdb-a74e-4e60-8cfb-b5cfb6de9adf" testId="1b814bae-26d4-7e87-c06a-2c4240b0987b" testName="MaimaiHomeAgent.Tests.Files.PathGuardTests.ResolveSafe_RejectsWindowsReservedChars(relativePath: &quot;foo&gt;bar.txt&quot;)" computerName="FRZ-XIAOXIN" duration="00:00:00.0002938" startTime="2026-05-30T22:52:12.8563941+08:00" endTime="2026-05-30T22:52:12.8563942+08:00" testType="13cdc9d9-ddb5-4fa4-a97d-d965ccfc6d4b" outcome="Passed" testListId="8c84fa94-04c1-424b-9868-57a2d4851a1d" relativeResultsDirectory="506c3cdb-a74e-4e60-8cfb-b5cfb6de9adf" />
    <UnitTestResult executionId="1a9855e7-a591-4dba-a6c8-fd655e57374b" testId="7496f247-7161-70dc-7f8f-f46795e7c5f9" testName="MaimaiHomeAgent.Tests.Files.PathGuardTests.ResolveSafe_ResultFail_HasIsOkFalseAndError" computerName="FRZ-XIAOXIN" duration="00:00:00.0005749" startTime="2026-05-30T22:52:12.8740987+08:00" endTime="2026-05-30T22:52:12.8740988+08:00" testType="13cdc9d9-ddb5-4fa4-a97d-d965ccfc6d4b" outcome="Passed" testListId="8c84fa94-04c1-424b-9868-57a2d4851a1d" relativeResultsDirectory="1a9855e7-a591-4dba-a6c8-fd655e57374b" />
    <UnitTestResult executionId="9c9ddf50-be76-46fb-b5f8-a3faa184f84c" testId="ed8b4c1e-064e-7f86-9761-73f3c1282fa5" testName="MaimaiHomeAgent.Tests.Files.PathGuardTests.ResolveSafe_RejectsAbsolutePaths(relativePath: &quot;C:\\Windows&quot;)" computerName="FRZ-XIAOXIN" duration="00:00:00.0003674" startTime="2026-05-30T22:52:12.8730781+08:00" endTime="2026-05-30T22:52:12.8730781+08:00" testType="13cdc9d9-ddb5-4fa4-a97d-d965ccfc6d4b" outcome="Passed" testListId="8c84fa94-04c1-424b-9868-57a2d4851a1d" relativeResultsDirectory="9c9ddf50-be76-46fb-b5f8-a3faa184f84c" />
    <UnitTestResult executionId="0048267c-df58-4169-8a1d-65044b024c7a" testId="d15666b0-6c2a-1e75-65da-da4941fc4afc" testName="MaimaiHomeAgent.Tests.Files.PathGuardTests.ResolveSafe_AcceptsBackslashSubpath" computerName="FRZ-XIAOXIN" duration="00:00:00.0004081" startTime="2026-05-30T22:52:12.8731804+08:00" endTime="2026-05-30T22:52:12.8731805+08:00" testType="13cdc9d9-ddb5-4fa4-a97d-d965ccfc6d4b" outcome="Passed" testListId="8c84fa94-04c1-424b-9868-57a2d4851a1d" relativeResultsDirectory="0048267c-df58-4169-8a1d-65044b024c7a" />
    <UnitTestResult executionId="4fe99642-b4b5-4573-93a7-c87531da2d26" testId="a7fd7e8a-07b0-7b22-b93e-1d537ffe3b48" testName="MaimaiHomeAgent.Tests.Files.PathGuardTests.ResolveSafe_RejectsOutsideRoot(relativePath: &quot;..&quot;, expectedError: OutsideRoot)" computerName="FRZ-XIAOXIN" duration="00:00:00.0004264" startTime="2026-05-30T22:52:12.8730276+08:00" endTime="2026-05-30T22:52:12.8730277+08:00" testType="13cdc9d9-ddb5-4fa4-a97d-d965ccfc6d4b" outcome="Passed" testListId="8c84fa94-04c1-424b-9868-57a2d4851a1d" relativeResultsDirectory="4fe99642-b4b5-4573-93a7-c87531da2d26" />
    <UnitTestResult executionId="61175acd-4b5f-4c83-a10f-8c73224709cd" testId="54740868-8b57-09c5-5160-881b70d8856d" testName="MaimaiHomeAgent.Tests.Files.PathGuardTests.ResolveSafe_RejectsWindowsReservedChars(relativePath: &quot;quo\&quot;te.txt&quot;)" computerName="FRZ-XIAOXIN" duration="00:00:00.0022718" startTime="2026-05-30T22:52:12.8546913+08:00" endTime="2026-05-30T22:52:12.8546914+08:00" testType="13cdc9d9-ddb5-4fa4-a97d-d965ccfc6d4b" outcome="Passed" testListId="8c84fa94-04c1-424b-9868-57a2d4851a1d" relativeResultsDirectory="61175acd-4b5f-4c83-a10f-8c73224709cd" />
    <UnitTestResult executionId="3ae83672-e92a-40ad-b0e6-3204ace32e86" testId="c1b3cf5b-8ba0-55cf-4177-744acc6f46b5" testName="MaimaiHomeAgent.Tests.Files.PathGuardTests.ResolveSafe_ExpandsEnvironmentVariablesInRoot" computerName="FRZ-XIAOXIN" duration="00:00:00.0052738" startTime="2026-05-30T22:52:12.8731376+08:00" endTime="2026-05-30T22:52:12.8731377+08:00" testType="13cdc9d9-ddb5-4fa4-a97d-d965ccfc6d4b" outcome="Passed" testListId="8c84fa94-04c1-424b-9868-57a2d4851a1d" relativeResultsDirectory="3ae83672-e92a-40ad-b0e6-3204ace32e86" />
    <UnitTestResult executionId="ab42f995-982d-40dd-aebb-9873bc1cb9d0" testId="4420b409-cd2f-6063-edba-c4b6240b369f" testName="MaimaiHomeAgent.Tests.Files.PathGuardTests.ResolveSafe_AcceptsRootItselfWhenEmpty" computerName="FRZ-XIAOXIN" duration="00:00:00.0005132" startTime="2026-05-30T22:52:12.8539348+08:00" endTime="2026-05-30T22:52:12.8539349+08:00" testType="13cdc9d9-ddb5-4fa4-a97d-d965ccfc6d4b" outcome="Passed" testListId="8c84fa94-04c1-424b-9868-57a2d4851a1d" relativeResultsDirectory="ab42f995-982d-40dd-aebb-9873bc1cb9d0" />
  </Results>
  <TestDefinitions>
    <UnitTest name="MaimaiHomeAgent.Tests.Files.PathGuardTests.ResolveSafe_RejectsWindowsReservedChars(relativePath: &quot;ques?tion.txt&quot;)" storage="d:\userfiles\development\projects\zrc\maimai-home-assistant\services\windows-agent\tests\maimaihomeagent.tests\bin\debug\net9.0\maimaihomeagent.tests.dll" id="51d7f2ff-b2c1-346c-d1f4-d78e404041ea">
      <Execution id="05d00ede-588f-4c04-8062-944b94ad1eaf" />
      <TestMethod codeBase="D:\UserFiles\Development\Projects\ZRC\maimai-home-assistant\services\windows-agent\tests\MaimaiHomeAgent.Tests\bin\Debug\net9.0\MaimaiHomeAgent.Tests.dll" adapterTypeName="executor://xunit/VsTestRunner2/netcoreapp" className="MaimaiHomeAgent.Tests.Files.PathGuardTests" name="ResolveSafe_RejectsWindowsReservedChars" />
    </UnitTest>
    <UnitTest name="MaimaiHomeAgent.Tests.Files.PathGuardTests.ResolveSafe_AcceptsRootItselfWhenEmpty" storage="d:\userfiles\development\projects\zrc\maimai-home-assistant\services\windows-agent\tests\maimaihomeagent.tests\bin\debug\net9.0\maimaihomeagent.tests.dll" id="4420b409-cd2f-6063-edba-c4b6240b369f">
      <Execution id="ab42f995-982d-40dd-aebb-9873bc1cb9d0" />
      <TestMethod codeBase="D:\UserFiles\Development\Projects\ZRC\maimai-home-assistant\services\windows-agent\tests\MaimaiHomeAgent.Tests\bin\Debug\net9.0\MaimaiHomeAgent.Tests.dll" adapterTypeName="executor://xunit/VsTestRunner2/netcoreapp" className="MaimaiHomeAgent.Tests.Files.PathGuardTests" name="ResolveSafe_AcceptsRootItselfWhenEmpty" />
    </UnitTest>
    <UnitTest name="MaimaiHomeAgent.Tests.Files.PathGuardTests.ResolveSafe_RejectsWindowsReservedChars(relativePath: &quot;name|pipe.txt&quot;)" storage="d:\userfiles\development\projects\zrc\maimai-home-assistant\services\windows-agent\tests\maimaihomeagent.tests\bin\debug\net9.0\maimaihomeagent.tests.dll" id="7d6fb672-a0a8-c085-7366-ccfabc5e37ed">
      <Execution id="2221694f-2ca8-4683-89e3-48dfd6cb1090" />
      <TestMethod codeBase="D:\UserFiles\Development\Projects\ZRC\maimai-home-assistant\services\windows-agent\tests\MaimaiHomeAgent.Tests\bin\Debug\net9.0\MaimaiHomeAgent.Tests.dll" adapterTypeName="executor://xunit/VsTestRunner2/netcoreapp" className="MaimaiHomeAgent.Tests.Files.PathGuardTests" name="ResolveSafe_RejectsWindowsReservedChars" />
    </UnitTest>
    <UnitTest name="MaimaiHomeAgent.Tests.Files.PathGuardTests.ResolveSafe_RejectsWindowsReservedChars(relativePath: &quot;foo&gt;bar.txt&quot;)" storage="d:\userfiles\development\projects\zrc\maimai-home-assistant\services\windows-agent\tests\maimaihomeagent.tests\bin\debug\net9.0\maimaihomeagent.tests.dll" id="1b814bae-26d4-7e87-c06a-2c4240b0987b">
      <Execution id="506c3cdb-a74e-4e60-8cfb-b5cfb6de9adf" />
      <TestMethod codeBase="D:\UserFiles\Development\Projects\ZRC\maimai-home-assistant\services\windows-agent\tests\MaimaiHomeAgent.Tests\bin\Debug\net9.0\MaimaiHomeAgent.Tests.dll" adapterTypeName="executor://xunit/VsTestRunner2/netcoreapp" className="MaimaiHomeAgent.Tests.Files.PathGuardTests" name="ResolveSafe_RejectsWindowsReservedChars" />
    </UnitTest>
    <UnitTest name="MaimaiHomeAgent.Tests.Files.PathGuardTests.ResolveSafe_ResultFail_HasIsOkFalseAndError" storage="d:\userfiles\development\projects\zrc\maimai-home-assistant\services\windows-agent\tests\maimaihomeagent.tests\bin\debug\net9.0\maimaihomeagent.tests.dll" id="7496f247-7161-70dc-7f8f-f46795e7c5f9">
      <Execution id="1a9855e7-a591-4dba-a6c8-fd655e57374b" />
      <TestMethod codeBase="D:\UserFiles\Development\Projects\ZRC\maimai-home-assistant\services\windows-agent\tests\MaimaiHomeAgent.Tests\bin\Debug\net9.0\MaimaiHomeAgent.Tests.dll" adapterTypeName="executor://xunit/VsTestRunner2/netcoreapp" className="MaimaiHomeAgent.Tests.Files.PathGuardTests" name="ResolveSafe_ResultFail_HasIsOkFalseAndError" />
    </UnitTest>
    <UnitTest name="MaimaiHomeAgent.Tests.Files.PathGuardTests.ResolveSafe_RejectsOutsideRoot(relativePath: &quot;sub/../../../escape&quot;, expectedError: OutsideRoot)" storage="d:\userfiles\development\projects\zrc\maimai-home-assistant\services\windows-agent\tests\maimaihomeagent.tests\bin\debug\net9.0\maimaihomeagent.tests.dll" id="2e3f70fc-437b-9329-b890-31cdc193ec52">
      <Execution id="c9b7687c-79d9-4628-b8d6-03ae1ccdbfff" />
      <TestMethod codeBase="D:\UserFiles\Development\Projects\ZRC\maimai-home-assistant\services\windows-agent\tests\MaimaiHomeAgent.Tests\bin\Debug\net9.0\MaimaiHomeAgent.Tests.dll" adapterTypeName="executor://xunit/VsTestRunner2/netcoreapp" className="MaimaiHomeAgent.Tests.Files.PathGuardTests" name="ResolveSafe_RejectsOutsideRoot" />
    </UnitTest>
    <UnitTest name="MaimaiHomeAgent.Tests.Files.PathGuardTests.ResolveSafe_RejectsOutsideRoot(relativePath: &quot;..&quot;, expectedError: OutsideRoot)" storage="d:\userfiles\development\projects\zrc\maimai-home-assistant\services\windows-agent\tests\maimaihomeagent.tests\bin\debug\net9.0\maimaihomeagent.tests.dll" id="a7fd7e8a-07b0-7b22-b93e-1d537ffe3b48">
      <Execution id="4fe99642-b4b5-4573-93a7-c87531da2d26" />
      <TestMethod codeBase="D:\UserFiles\Development\Projects\ZRC\maimai-home-assistant\services\windows-agent\tests\MaimaiHomeAgent.Tests\bin\Debug\net9.0\MaimaiHomeAgent.Tests.dll" adapterTypeName="executor://xunit/VsTestRunner2/netcoreapp" className="MaimaiHomeAgent.Tests.Files.PathGuardTests" name="ResolveSafe_RejectsOutsideRoot" />
    </UnitTest>
    <UnitTest name="MaimaiHomeAgent.Tests.Files.PathGuardTests.ResolveSafe_ResultOk_HasIsOkTrueAndNoError" storage="d:\userfiles\development\projects\zrc\maimai-home-assistant\services\windows-agent\tests\maimaihomeagent.tests\bin\debug\net9.0\maimaihomeagent.tests.dll" id="00ccfbc3-9fd9-edf0-40dd-994a18a9c029">
      <Execution id="45159b4b-a4e5-499e-addc-b1edbc59cb71" />
      <TestMethod codeBase="D:\UserFiles\Development\Projects\ZRC\maimai-home-assistant\services\windows-agent\tests\MaimaiHomeAgent.Tests\bin\Debug\net9.0\MaimaiHomeAgent.Tests.dll" adapterTypeName="executor://xunit/VsTestRunner2/netcoreapp" className="MaimaiHomeAgent.Tests.Files.PathGuardTests" name="ResolveSafe_ResultOk_HasIsOkTrueAndNoError" />
    </UnitTest>
    <UnitTest name="MaimaiHomeAgent.Tests.Files.PathGuardTests.ResolveSafe_RejectsControlChars" storage="d:\userfiles\development\projects\zrc\maimai-home-assistant\services\windows-agent\tests\maimaihomeagent.tests\bin\debug\net9.0\maimaihomeagent.tests.dll" id="a1b219d6-8e3d-8d74-d557-d5654d2901db">
      <Execution id="bf4ad917-45fe-4af8-95ea-6aa2884b34a0" />
      <TestMethod codeBase="D:\UserFiles\Development\Projects\ZRC\maimai-home-assistant\services\windows-agent\tests\MaimaiHomeAgent.Tests\bin\Debug\net9.0\MaimaiHomeAgent.Tests.dll" adapterTypeName="executor://xunit/VsTestRunner2/netcoreapp" className="MaimaiHomeAgent.Tests.Files.PathGuardTests" name="ResolveSafe_RejectsControlChars" />
    </UnitTest>
    <UnitTest name="MaimaiHomeAgent.Tests.Files.PathGuardTests.ResolveSafe_AcceptsBackslashSubpath" storage="d:\userfiles\development\projects\zrc\maimai-home-assistant\services\windows-agent\tests\maimaihomeagent.tests\bin\debug\net9.0\maimaihomeagent.tests.dll" id="d15666b0-6c2a-1e75-65da-da4941fc4afc">
      <Execution id="0048267c-df58-4169-8a1d-65044b024c7a" />
      <TestMethod codeBase="D:\UserFiles\Development\Projects\ZRC\maimai-home-assistant\services\windows-agent\tests\MaimaiHomeAgent.Tests\bin\Debug\net9.0\MaimaiHomeAgent.Tests.dll" adapterTypeName="executor://xunit/VsTestRunner2/netcoreapp" className="MaimaiHomeAgent.Tests.Files.PathGuardTests" name="ResolveSafe_AcceptsBackslashSubpath" />
    </UnitTest>
    <UnitTest name="MaimaiHomeAgent.Tests.Files.PathGuardTests.ResolveSafe_RejectsWindowsReservedChars(relativePath: &quot;quo\&quot;te.txt&quot;)" storage="d:\userfiles\development\projects\zrc\maimai-home-assistant\services\windows-agent\tests\maimaihomeagent.tests\bin\debug\net9.0\maimaihomeagent.tests.dll" id="54740868-8b57-09c5-5160-881b70d8856d">
      <Execution id="61175acd-4b5f-4c83-a10f-8c73224709cd" />
      <TestMethod codeBase="D:\UserFiles\Development\Projects\ZRC\maimai-home-assistant\services\windows-agent\tests\MaimaiHomeAgent.Tests\bin\Debug\net9.0\MaimaiHomeAgent.Tests.dll" adapterTypeName="executor://xunit/VsTestRunner2/netcoreapp" className="MaimaiHomeAgent.Tests.Files.PathGuardTests" name="ResolveSafe_RejectsWindowsReservedChars" />
    </UnitTest>
    <UnitTest name="MaimaiHomeAgent.Tests.Files.PathGuardTests.ResolveSafe_RejectsWindowsReservedChars(relativePath: &quot;star*.txt&quot;)" storage="d:\userfiles\development\projects\zrc\maimai-home-assistant\services\windows-agent\tests\maimaihomeagent.tests\bin\debug\net9.0\maimaihomeagent.tests.dll" id="ad27404d-0928-71b1-8797-e3805fab96a0">
      <Execution id="6f1a7a9d-f5a4-4eec-afdb-460518c635ad" />
      <TestMethod codeBase="D:\UserFiles\Development\Projects\ZRC\maimai-home-assistant\services\windows-agent\tests\MaimaiHomeAgent.Tests\bin\Debug\net9.0\MaimaiHomeAgent.Tests.dll" adapterTypeName="executor://xunit/VsTestRunner2/netcoreapp" className="MaimaiHomeAgent.Tests.Files.PathGuardTests" name="ResolveSafe_RejectsWindowsReservedChars" />
    </UnitTest>
    <UnitTest name="MaimaiHomeAgent.Tests.Files.PathGuardTests.ResolveSafe_RejectsAbsolutePaths(relativePath: &quot;/etc/passwd&quot;)" storage="d:\userfiles\development\projects\zrc\maimai-home-assistant\services\windows-agent\tests\maimaihomeagent.tests\bin\debug\net9.0\maimaihomeagent.tests.dll" id="301d7aa1-0f9f-1718-1c49-abe2747b59e1">
      <Execution id="a43b39c6-2c3b-437b-beae-f26a8058c155" />
      <TestMethod codeBase="D:\UserFiles\Development\Projects\ZRC\maimai-home-assistant\services\windows-agent\tests\MaimaiHomeAgent.Tests\bin\Debug\net9.0\MaimaiHomeAgent.Tests.dll" adapterTypeName="executor://xunit/VsTestRunner2/netcoreapp" className="MaimaiHomeAgent.Tests.Files.PathGuardTests" name="ResolveSafe_RejectsAbsolutePaths" />
    </UnitTest>
    <UnitTest name="MaimaiHomeAgent.Tests.Files.PathGuardTests.ResolveSafe_RejectsAbsolutePaths(relativePath: &quot;C:\\Windows&quot;)" storage="d:\userfiles\development\projects\zrc\maimai-home-assistant\services\windows-agent\tests\maimaihomeagent.tests\bin\debug\net9.0\maimaihomeagent.tests.dll" id="ed8b4c1e-064e-7f86-9761-73f3c1282fa5">
      <Execution id="9c9ddf50-be76-46fb-b5f8-a3faa184f84c" />
      <TestMethod codeBase="D:\UserFiles\Development\Projects\ZRC\maimai-home-assistant\services\windows-agent\tests\MaimaiHomeAgent.Tests\bin\Debug\net9.0\MaimaiHomeAgent.Tests.dll" adapterTypeName="executor://xunit/VsTestRunner2/netcoreapp" className="MaimaiHomeAgent.Tests.Files.PathGuardTests" name="ResolveSafe_RejectsAbsolutePaths" />
    </UnitTest>
    <UnitTest name="MaimaiHomeAgent.Tests.Files.PathGuardTests.ResolveSafe_AcceptsForwardSlashSubpath" storage="d:\userfiles\development\projects\zrc\maimai-home-assistant\services\windows-agent\tests\maimaihomeagent.tests\bin\debug\net9.0\maimaihomeagent.tests.dll" id="339b7fdc-9db0-bdcd-c047-6481e434ba8b">
      <Execution id="d83600d6-63d7-4553-b7f3-ffea220ab78d" />
      <TestMethod codeBase="D:\UserFiles\Development\Projects\ZRC\maimai-home-assistant\services\windows-agent\tests\MaimaiHomeAgent.Tests\bin\Debug\net9.0\MaimaiHomeAgent.Tests.dll" adapterTypeName="executor://xunit/VsTestRunner2/netcoreapp" className="MaimaiHomeAgent.Tests.Files.PathGuardTests" name="ResolveSafe_AcceptsForwardSlashSubpath" />
    </UnitTest>
    <UnitTest name="MaimaiHomeAgent.Tests.Files.PathGuardTests.ResolveSafe_RejectsWindowsReservedChars(relativePath: &quot;file&lt;.txt&quot;)" storage="d:\userfiles\development\projects\zrc\maimai-home-assistant\services\windows-agent\tests\maimaihomeagent.tests\bin\debug\net9.0\maimaihomeagent.tests.dll" id="0a34071b-6e72-9219-b3c3-254f40a99e04">
      <Execution id="35987a3d-e76f-4f92-a662-c216ab935609" />
      <TestMethod codeBase="D:\UserFiles\Development\Projects\ZRC\maimai-home-assistant\services\windows-agent\tests\MaimaiHomeAgent.Tests\bin\Debug\net9.0\MaimaiHomeAgent.Tests.dll" adapterTypeName="executor://xunit/VsTestRunner2/netcoreapp" className="MaimaiHomeAgent.Tests.Files.PathGuardTests" name="ResolveSafe_RejectsWindowsReservedChars" />
    </UnitTest>
    <UnitTest name="MaimaiHomeAgent.Tests.Files.PathGuardTests.ResolveSafe_ExpandsEnvironmentVariablesInRoot" storage="d:\userfiles\development\projects\zrc\maimai-home-assistant\services\windows-agent\tests\maimaihomeagent.tests\bin\debug\net9.0\maimaihomeagent.tests.dll" id="c1b3cf5b-8ba0-55cf-4177-744acc6f46b5">
      <Execution id="3ae83672-e92a-40ad-b0e6-3204ace32e86" />
      <TestMethod codeBase="D:\UserFiles\Development\Projects\ZRC\maimai-home-assistant\services\windows-agent\tests\MaimaiHomeAgent.Tests\bin\Debug\net9.0\MaimaiHomeAgent.Tests.dll" adapterTypeName="executor://xunit/VsTestRunner2/netcoreapp" className="MaimaiHomeAgent.Tests.Files.PathGuardTests" name="ResolveSafe_ExpandsEnvironmentVariablesInRoot" />
    </UnitTest>
    <UnitTest name="MaimaiHomeAgent.Tests.Files.PathGuardTests.ResolveSafe_AcceptsNormalRelativePath" storage="d:\userfiles\development\projects\zrc\maimai-home-assistant\services\windows-agent\tests\maimaihomeagent.tests\bin\debug\net9.0\maimaihomeagent.tests.dll" id="689f4251-3d5e-dfdf-f4d9-b95f83dbe212">
      <Execution id="5967ad58-8489-49d9-a560-7530860e082b" />
      <TestMethod codeBase="D:\UserFiles\Development\Projects\ZRC\maimai-home-assistant\services\windows-agent\tests\MaimaiHomeAgent.Tests\bin\Debug\net9.0\MaimaiHomeAgent.Tests.dll" adapterTypeName="executor://xunit/VsTestRunner2/netcoreapp" className="MaimaiHomeAgent.Tests.Files.PathGuardTests" name="ResolveSafe_AcceptsNormalRelativePath" />
    </UnitTest>
    <UnitTest name="MaimaiHomeAgent.Tests.Files.PathGuardTests.ResolveSafe_RejectsOutsideRoot(relativePath: &quot;../../Windows/System32&quot;, expectedError: OutsideRoot)" storage="d:\userfiles\development\projects\zrc\maimai-home-assistant\services\windows-agent\tests\maimaihomeagent.tests\bin\debug\net9.0\maimaihomeagent.tests.dll" id="88523f31-1bd3-803f-a9bb-ad2f0df1b770">
      <Execution id="fd201b64-e0de-4c24-ac08-e46f7983a4e1" />
      <TestMethod codeBase="D:\UserFiles\Development\Projects\ZRC\maimai-home-assistant\services\windows-agent\tests\MaimaiHomeAgent.Tests\bin\Debug\net9.0\MaimaiHomeAgent.Tests.dll" adapterTypeName="executor://xunit/VsTestRunner2/netcoreapp" className="MaimaiHomeAgent.Tests.Files.PathGuardTests" name="ResolveSafe_RejectsOutsideRoot" />
    </UnitTest>
    <UnitTest name="MaimaiHomeAgent.Tests.Files.PathGuardTests.ResolveSafe_RejectsNullChar" storage="d:\userfiles\development\projects\zrc\maimai-home-assistant\services\windows-agent\tests\maimaihomeagent.tests\bin\debug\net9.0\maimaihomeagent.tests.dll" id="46151bca-c2d1-4f12-b08f-e1c8c1f7542d">
      <Execution id="0fc2b7e7-5d16-4438-969b-08cb04292360" />
      <TestMethod codeBase="D:\UserFiles\Development\Projects\ZRC\maimai-home-assistant\services\windows-agent\tests\MaimaiHomeAgent.Tests\bin\Debug\net9.0\MaimaiHomeAgent.Tests.dll" adapterTypeName="executor://xunit/VsTestRunner2/netcoreapp" className="MaimaiHomeAgent.Tests.Files.PathGuardTests" name="ResolveSafe_RejectsNullChar" />
    </UnitTest>
    <UnitTest name="MaimaiHomeAgent.Tests.Files.PathGuardTests.ResolveSafe_RejectsAbsolutePaths(relativePath: &quot;D:\\anywhere&quot;)" storage="d:\userfiles\development\projects\zrc\maimai-home-assistant\services\windows-agent\tests\maimaihomeagent.tests\bin\debug\net9.0\maimaihomeagent.tests.dll" id="d1141ed5-8aa6-406a-59d3-72412a8812c0">
      <Execution id="a310ebe6-2068-47ff-b850-dacc4a225566" />
      <TestMethod codeBase="D:\UserFiles\Development\Projects\ZRC\maimai-home-assistant\services\windows-agent\tests\MaimaiHomeAgent.Tests\bin\Debug\net9.0\MaimaiHomeAgent.Tests.dll" adapterTypeName="executor://xunit/VsTestRunner2/netcoreapp" className="MaimaiHomeAgent.Tests.Files.PathGuardTests" name="ResolveSafe_RejectsAbsolutePaths" />
    </UnitTest>
  </TestDefinitions>
  <TestEntries>
    <TestEntry testId="339b7fdc-9db0-bdcd-c047-6481e434ba8b" executionId="d83600d6-63d7-4553-b7f3-ffea220ab78d" testListId="8c84fa94-04c1-424b-9868-57a2d4851a1d" />
    <TestEntry testId="0a34071b-6e72-9219-b3c3-254f40a99e04" executionId="35987a3d-e76f-4f92-a662-c216ab935609" testListId="8c84fa94-04c1-424b-9868-57a2d4851a1d" />
    <TestEntry testId="a1b219d6-8e3d-8d74-d557-d5654d2901db" executionId="bf4ad917-45fe-4af8-95ea-6aa2884b34a0" testListId="8c84fa94-04c1-424b-9868-57a2d4851a1d" />
    <TestEntry testId="301d7aa1-0f9f-1718-1c49-abe2747b59e1" executionId="a43b39c6-2c3b-437b-beae-f26a8058c155" testListId="8c84fa94-04c1-424b-9868-57a2d4851a1d" />
    <TestEntry testId="00ccfbc3-9fd9-edf0-40dd-994a18a9c029" executionId="45159b4b-a4e5-499e-addc-b1edbc59cb71" testListId="8c84fa94-04c1-424b-9868-57a2d4851a1d" />
    <TestEntry testId="2e3f70fc-437b-9329-b890-31cdc193ec52" executionId="c9b7687c-79d9-4628-b8d6-03ae1ccdbfff" testListId="8c84fa94-04c1-424b-9868-57a2d4851a1d" />
    <TestEntry testId="7d6fb672-a0a8-c085-7366-ccfabc5e37ed" executionId="2221694f-2ca8-4683-89e3-48dfd6cb1090" testListId="8c84fa94-04c1-424b-9868-57a2d4851a1d" />
    <TestEntry testId="51d7f2ff-b2c1-346c-d1f4-d78e404041ea" executionId="05d00ede-588f-4c04-8062-944b94ad1eaf" testListId="8c84fa94-04c1-424b-9868-57a2d4851a1d" />
    <TestEntry testId="46151bca-c2d1-4f12-b08f-e1c8c1f7542d" executionId="0fc2b7e7-5d16-4438-969b-08cb04292360" testListId="8c84fa94-04c1-424b-9868-57a2d4851a1d" />
    <TestEntry testId="ad27404d-0928-71b1-8797-e3805fab96a0" executionId="6f1a7a9d-f5a4-4eec-afdb-460518c635ad" testListId="8c84fa94-04c1-424b-9868-57a2d4851a1d" />
    <TestEntry testId="689f4251-3d5e-dfdf-f4d9-b95f83dbe212" executionId="5967ad58-8489-49d9-a560-7530860e082b" testListId="8c84fa94-04c1-424b-9868-57a2d4851a1d" />
    <TestEntry testId="d1141ed5-8aa6-406a-59d3-72412a8812c0" executionId="a310ebe6-2068-47ff-b850-dacc4a225566" testListId="8c84fa94-04c1-424b-9868-57a2d4851a1d" />
    <TestEntry testId="88523f31-1bd3-803f-a9bb-ad2f0df1b770" executionId="fd201b64-e0de-4c24-ac08-e46f7983a4e1" testListId="8c84fa94-04c1-424b-9868-57a2d4851a1d" />
    <TestEntry testId="1b814bae-26d4-7e87-c06a-2c4240b0987b" executionId="506c3cdb-a74e-4e60-8cfb-b5cfb6de9adf" testListId="8c84fa94-04c1-424b-9868-57a2d4851a1d" />
    <TestEntry testId="7496f247-7161-70dc-7f8f-f46795e7c5f9" executionId="1a9855e7-a591-4dba-a6c8-fd655e57374b" testListId="8c84fa94-04c1-424b-9868-57a2d4851a1d" />
    <TestEntry testId="ed8b4c1e-064e-7f86-9761-73f3c1282fa5" executionId="9c9ddf50-be76-46fb-b5f8-a3faa184f84c" testListId="8c84fa94-04c1-424b-9868-57a2d4851a1d" />
    <TestEntry testId="d15666b0-6c2a-1e75-65da-da4941fc4afc" executionId="0048267c-df58-4169-8a1d-65044b024c7a" testListId="8c84fa94-04c1-424b-9868-57a2d4851a1d" />
    <TestEntry testId="a7fd7e8a-07b0-7b22-b93e-1d537ffe3b48" executionId="4fe99642-b4b5-4573-93a7-c87531da2d26" testListId="8c84fa94-04c1-424b-9868-57a2d4851a1d" />
    <TestEntry testId="54740868-8b57-09c5-5160-881b70d8856d" executionId="61175acd-4b5f-4c83-a10f-8c73224709cd" testListId="8c84fa94-04c1-424b-9868-57a2d4851a1d" />
    <TestEntry testId="c1b3cf5b-8ba0-55cf-4177-744acc6f46b5" executionId="3ae83672-e92a-40ad-b0e6-3204ace32e86" testListId="8c84fa94-04c1-424b-9868-57a2d4851a1d" />
    <TestEntry testId="4420b409-cd2f-6063-edba-c4b6240b369f" executionId="ab42f995-982d-40dd-aebb-9873bc1cb9d0" testListId="8c84fa94-04c1-424b-9868-57a2d4851a1d" />
  </TestEntries>
  <TestLists>
    <TestList name="列表中未列出的结果" id="8c84fa94-04c1-424b-9868-57a2d4851a1d" />
    <TestList name="所有已加载的结果" id="19431567-8539-422a-85d7-44ee4e166bda" />
  </TestLists>
  <ResultSummary outcome="Completed">
    <Counters total="21" executed="21" passed="21" failed="0" error="0" timeout="0" aborted="0" inconclusive="0" passedButRunAborted="0" notRunnable="0" notExecuted="0" disconnected="0" warning="0" completed="0" inProgress="0" pending="0" />
    <Output>
      <StdOut>[xUnit.net 00:00:00.00] xUnit.net VSTest Adapter v2.8.2+699d445a1a (64-bit .NET 9.0.16)&#xD;
[xUnit.net 00:00:00.04]   Discovering: MaimaiHomeAgent.Tests&#xD;
[xUnit.net 00:00:00.07]   Discovered:  MaimaiHomeAgent.Tests&#xD;
[xUnit.net 00:00:00.08]   Starting:    MaimaiHomeAgent.Tests&#xD;
[xUnit.net 00:00:00.13]   Finished:    MaimaiHomeAgent.Tests&#xD;
</StdOut>
    </Output>
  </ResultSummary>
</TestRun>