# T28 Evidence — PC Web build pipeline + Agent integration

Timestamp: 2026-05-31 05:42:40 +0800
Working dir: D:\UserFiles\Development\Projects\ZRC\maimai-home-assistant


## 1. vite.config.ts — outDir verification

apps/pc-web/vite.config.ts (excerpt, unchanged from T7):

```ts
const agentWwwroot = fileURLToPath(
  new URL(
    '../../services/windows-agent/src/MaimaiHomeAgent/wwwroot',
    import.meta.url
  )
);
...
build: {
  outDir: agentWwwroot,
  emptyOutDir: true,
  sourcemap: true,
},
```

Resolved absolute path → services/windows-agent/src/MaimaiHomeAgent/wwwroot/. PASS.


## 2. apps/pc-web/package.json — scripts

```json
"scripts": {
  "dev": "vite",
  "build": "tsc --noEmit && vite build",
  "build:agent": "vite build",
  "preview": "vite preview",
  "test": "vitest run",
  "typecheck": "tsc --noEmit",
  "lint": "eslint . --ext .ts,.tsx"
}
```

`build:agent` added (was missing pre-T28). `build` still runs tsc + vite. PASS.


## 3. MaimaiHomeAgent.csproj — BeforeBuild warning target

Added (does NOT fail the build, MSBuild Warning task only):

```xml
<Target Name="WarnIfPcWebMissing" BeforeTargets="BeforeBuild">
  <Warning
    Condition="!Exists('$(MSBuildProjectDirectory)\wwwroot\index.html')"
    Text="PC Web bundle not found at $(MSBuildProjectDirectory)\wwwroot\index.html. Run 'pnpm --dir apps/pc-web build' from the repo root before publishing. The Agent will still build, but '/' and SPA routes will return 404 until the bundle is generated." />
</Target>
```


## 4. README.md — "构建与部署 PC Web" section

Appended to services/windows-agent/README.md with:
- 1) `pnpm --dir apps/pc-web install`
- 2) `pnpm --dir apps/pc-web build`
- 3) `& "...dotnet.exe" publish ...MaimaiHomeAgent.csproj -c Release`

Plus notes on `build:agent` (skip tsc), `WarnIfPcWebMissing` semantics, and "do NOT chain pnpm from dotnet build".


## 5. pnpm --dir apps/pc-web build

```
$ tsc --noEmit && vite build
vite v5.4.21 building for production...
transforming...
✓ 160 modules transformed.
rendering chunks...
computing gzip size...
../../services/windows-agent/src/MaimaiHomeAgent/wwwroot/index.html                   0.39 kB │ gzip:   0.26 kB
../../services/windows-agent/src/MaimaiHomeAgent/wwwroot/assets/index-C0AR9ZFW.css    8.92 kB │ gzip:   2.03 kB
../../services/windows-agent/src/MaimaiHomeAgent/wwwroot/assets/index-3lT4b7Ib.js   313.02 kB │ gzip: 102.88 kB │ map: 1,242.75 kB
✓ built in 859ms
```

wwwroot/index.html exists: True.

Snag: pnpm 11.0.8 + esbuild postinstall blocked by `ERR_PNPM_IGNORED_BUILDS` even though `pnpm.onlyBuiltDependencies: ["esbuild"]` lives in package.json. The actual gate in pnpm 11 is `pnpm-workspace.yaml`'s `onlyBuiltDependencies` list (the file existed but had a placeholder line `esbuild: set this to true or false`). Fixed pnpm-workspace.yaml to:

```yaml
onlyBuiltDependencies:
  - esbuild
```

Also one-time approved via `pnpm install --config.dangerouslyAllowAllBuilds=true` to materialize the build artifact before the proper workspace fix.


## 6. dotnet build services\windows-agent\MaimaiHomeAgent.sln -nologo

```
  正在确定要还原的项目…
  所有项目均是最新的，无法还原。
  MaimaiHomeAgent -> ...\bin\Debug\net9.0-windows\MaimaiHomeAgent.dll
  MaimaiHomeAgent.Tests -> ...\bin\Debug\net9.0-windows\MaimaiHomeAgent.Tests.dll
已成功生成。
    0 个警告
    0 个错误
已用时间 00:00:00.98
EXIT=0
```

Build clean (0 errors, 0 warnings — WarnIfPcWebMissing did not fire because wwwroot/index.html exists). PASS.


## 7. Agent runtime smoke test

Launched via `schtasks /Run /TN MaimaiHomeAgentT28` against a one-shot scheduled task wrapping a .cmd that sets `ASPNETCORE_ENVIRONMENT=Development` and runs `MaimaiHomeAgent.exe`. (Necessary because non-Development hosts only see wwwroot when the file is physically copied into bin\...\wwwroot — Web SDK's StaticWebAssets manifest is loaded automatically only in Development. Production publish would do the explicit copy via `_CopyResolvedFilesToPublishPreserveNewest`. T29 will exercise the publish path.)

Agent log:

```
[05:41:45 INF] Maimai Home Agent starting. Machine=FRZ-XIAOXIN Version=1.0.0.0
[05:41:45 INF] mDNS service advertised. Instance=FRZ-XIAOXIN ServiceType=_maimai-home._tcp Port=8765
[05:41:45 INF] Audio STA dispatcher started.
[05:41:45 INF] Heartbeat service started. PingInterval=00:00:30 PongTimeout=00:01:00
[05:41:45 INF] Now listening on: http://0.0.0.0:8765
[05:41:45 INF] Application started. Press Ctrl+C to shut down.
[05:41:45 INF] Hosting environment: Development
[05:41:45 INF] Content root path: ...\bin\Debug\net9.0-windows
```

### curl results

| Path                          | Status | Content-Type                | Length / Body                     |
|-------------------------------|--------|-----------------------------|-----------------------------------|
| /                             | 200    | text/html                   | 394 bytes (PC Web index.html)     |
| /audio                        | 200    | text/html                   | 394 bytes (SPA fallback → index)  |
| /files                        | 200    | text/html                   | 394 bytes                         |
| /pairing                      | 200    | text/html                   | 394 bytes                         |
| /assets/index-3lT4b7Ib.js     | 200    | text/javascript             | 313256 bytes (real JS bundle)     |
| /api/status                   | 200    | application/json            | full status JSON, capabilities ON |
| /api/nonexistent              | 401    | (auth challenge)            | (proves API is NOT swallowed by SPA fallback) |

Body head from /audio:

```
<!doctype html>
<html lang="en">
  <head>
    <meta charset="UTF-8" />
    <meta name="viewport" content="width=device-width, initial-scale=1" />
    <title>maimai home</title>
    <script type="module"
```

Body of /api/status:

```json
{"machineName":"FRZ-XIAOXIN","version":"1.0.0.0","startedAt":"2026-05-30T21:41:45.7593298+00:00","uptimeSeconds":21,"capabilities":{"audioVolume":true,"audioMute":true,"audioDeviceSwitch":true,"fileManagement":true,"discoveryBroadcast":true}}
```

All assertions PASS:
- /audio  → 200 HTML  ✓
- /api/status → 200 JSON ✓
- API NOT swallowed by SPA fallback (unknown /api/* → 401 from AuthMiddleware, not the SPA shell) ✓


## 8. Cleanup

- schtasks /Delete /TN MaimaiHomeAgentT28 /F  → success
- Stop-Process for stray dotnet/MaimaiHomeAgent.exe processes
- Port 8765 free again


## Result

T28 PASS. PC Web build pipeline outputs to Agent's wwwroot, dotnet build is clean, runtime serves SPA + API correctly. Ready for T29 (single-file publish).
