Resolving dependencies...
Downloading packages...
  file_picker 8.3.7 (11.0.2 available)
  flutter_riverpod 2.6.1 (3.3.1 available)
  matcher 0.12.19 (0.12.20 available)
  meta 1.18.0 (1.18.2 available)
  riverpod 2.6.1 (3.2.1 available)
  test_api 0.7.11 (0.7.12 available)
  vector_math 2.2.0 (2.3.0 available)
  win32 5.15.0 (6.3.0 available)
Got dependencies!
8 packages have newer versions incompatible with dependency constraints.
Try `flutter pub outdated` for more information.
00:00 +0: loading D:/UserFiles/Development/Projects/ZRC/maimai-home-assistant/apps/mobile/test/services/agent_client_test.dart
00:00 +0: D:/UserFiles/Development/Projects/ZRC/maimai-home-assistant/apps/mobile/test/services/agent_client_test.dart: (setUpAll)
00:00 +0: D:/UserFiles/Development/Projects/ZRC/maimai-home-assistant/apps/mobile/test/services/agent_client_test.dart: AgentClient.normalizeBaseUrl prepends http:// when scheme is missing
00:00 +1: D:/UserFiles/Development/Projects/ZRC/maimai-home-assistant/apps/mobile/test/services/agent_client_test.dart: AgentClient.normalizeBaseUrl preserves http:// scheme
00:00 +2: D:/UserFiles/Development/Projects/ZRC/maimai-home-assistant/apps/mobile/test/services/agent_client_test.dart: AgentClient.normalizeBaseUrl preserves https:// scheme
00:00 +3: D:/UserFiles/Development/Projects/ZRC/maimai-home-assistant/apps/mobile/test/services/agent_client_test.dart: AgentClient.normalizeBaseUrl returns null for empty input
00:00 +4: D:/UserFiles/Development/Projects/ZRC/maimai-home-assistant/apps/mobile/test/services/agent_client_test.dart: AgentClient.normalizeBaseUrl returns null for unparseable host
00:00 +5: D:/UserFiles/Development/Projects/ZRC/maimai-home-assistant/apps/mobile/test/services/agent_client_test.dart: AgentClient.fetchStatus returns AgentStatus on 200 response
00:00 +6: D:/UserFiles/Development/Projects/ZRC/maimai-home-assistant/apps/mobile/test/services/agent_client_test.dart: AgentClient.fetchStatus maps timeout DioException to AgentException.network
00:00 +7: D:/UserFiles/Development/Projects/ZRC/maimai-home-assistant/apps/mobile/test/services/agent_client_test.dart: AgentClient.fetchStatus maps connectionError DioException to AgentException.network
00:00 +8: D:/UserFiles/Development/Projects/ZRC/maimai-home-assistant/apps/mobile/test/services/agent_client_test.dart: AgentClient.fetchStatus maps 401 badResponse to AgentException.unauthorized
00:00 +9: D:/UserFiles/Development/Projects/ZRC/maimai-home-assistant/apps/mobile/test/services/agent_client_test.dart: AgentClient.fetchStatus maps other badResponse to AgentException.unknown
00:00 +10: D:/UserFiles/Development/Projects/ZRC/maimai-home-assistant/apps/mobile/test/services/agent_client_test.dart: AgentClient.fetchStatus maps null response data to AgentException.unknown
00:00 +11: D:/UserFiles/Development/Projects/ZRC/maimai-home-assistant/apps/mobile/test/services/agent_client_test.dart: AgentClient.fetchStatus throws when baseUrl is unparseable
00:00 +12: D:/UserFiles/Development/Projects/ZRC/maimai-home-assistant/apps/mobile/test/services/agent_client_test.dart: AgentClient.exchangePairingCode returns token on 200
00:00 +13: D:/UserFiles/Development/Projects/ZRC/maimai-home-assistant/apps/mobile/test/services/agent_client_test.dart: AgentClient.exchangePairingCode maps 401 wrong/expired code to unauthorized
00:00 +14: D:/UserFiles/Development/Projects/ZRC/maimai-home-assistant/apps/mobile/test/services/agent_client_test.dart: AgentClient.exchangePairingCode throws unknown when response missing token
00:00 +15: D:/UserFiles/Development/Projects/ZRC/maimai-home-assistant/apps/mobile/test/services/agent_client_test.dart: AgentClient token + 401 handling Authorization header is attached when token is set
00:00 +16: D:/UserFiles/Development/Projects/ZRC/maimai-home-assistant/apps/mobile/test/services/agent_client_test.dart: AgentClient token + 401 handling no Authorization header when token is null
00:00 +17: D:/UserFiles/Development/Projects/ZRC/maimai-home-assistant/apps/mobile/test/services/event_stream_test.dart: EventStream reconnect reconnects 1s after a connected channel closes
00:00 +18: D:/UserFiles/Development/Projects/ZRC/maimai-home-assistant/apps/mobile/test/services/event_stream_test.dart: EventStream reconnect reconnects 1s after a connected channel closes
00:00 +19: D:/UserFiles/Development/Projects/ZRC/maimai-home-assistant/apps/mobile/test/services/event_stream_test.dart: EventStream reconnect exponential backoff grows on consecutive failures
00:00 +20: D:/UserFiles/Development/Projects/ZRC/maimai-home-assistant/apps/mobile/test/services/event_stream_test.dart: EventStream reconnect backoff resets to 1s after a successful connection
00:00 +21: D:/UserFiles/Development/Projects/ZRC/maimai-home-assistant/apps/mobile/test/services/event_stream_test.dart: EventStream reconnect backoff is capped at maxBackoff
00:00 +22: D:/UserFiles/Development/Projects/ZRC/maimai-home-assistant/apps/mobile/test/services/event_stream_test.dart: EventStream reconnect on reconnect fires onReconnected callback (not on initial connect)
00:00 +23: D:/UserFiles/Development/Projects/ZRC/maimai-home-assistant/apps/mobile/test/services/event_stream_test.dart: EventStream message decoding parses EventEnvelope from JSON text frames
00:00 +24: D:/UserFiles/Development/Projects/ZRC/maimai-home-assistant/apps/mobile/test/services/event_stream_test.dart: EventStream message decoding ignores malformed frames without crashing reconnect logic
00:00 +25: D:/UserFiles/Development/Projects/ZRC/maimai-home-assistant/apps/mobile/test/services/event_stream_test.dart: EventStream lifecycle dispose cancels pending reconnect timer
00:00 +26: D:/UserFiles/Development/Projects/ZRC/maimai-home-assistant/apps/mobile/test/state/audio_controller_test.dart: audioStateProvider reads state from AgentClient
00:00 +27: D:/UserFiles/Development/Projects/ZRC/maimai-home-assistant/apps/mobile/test/state/audio_controller_test.dart: audioDevicesProvider reads devices from AgentClient
00:00 +28: D:/UserFiles/Development/Projects/ZRC/maimai-home-assistant/apps/mobile/test/state/audio_controller_test.dart: audioControllerProvider setVolume calls AgentClient and invalidates audioStateProvider
00:00 +29: D:/UserFiles/Development/Projects/ZRC/maimai-home-assistant/apps/mobile/test/state/audio_controller_test.dart: audioControllerProvider setMute calls AgentClient and invalidates audioStateProvider
00:00 +30: D:/UserFiles/Development/Projects/ZRC/maimai-home-assistant/apps/mobile/test/state/audio_controller_test.dart: audioControllerProvider switchDevice calls AgentClient and invalidates audioDevicesProvider
00:00 +31: D:/UserFiles/Development/Projects/ZRC/maimai-home-assistant/apps/mobile/test/state/audio_controller_test.dart: audioControllerProvider setVolume surfaces AgentClientException as AsyncError
00:00 +32: D:/UserFiles/Development/Projects/ZRC/maimai-home-assistant/apps/mobile/test/state/auth_provider_test.dart: authNotifierProvider loadToken returns null when no token saved
00:00 +33: D:/UserFiles/Development/Projects/ZRC/maimai-home-assistant/apps/mobile/test/state/auth_provider_test.dart: authNotifierProvider saveToken persists to SharedPreferences and updates state
00:00 +34: D:/UserFiles/Development/Projects/ZRC/maimai-home-assistant/apps/mobile/test/state/auth_provider_test.dart: authNotifierProvider clearToken removes from SharedPreferences and state
00:00 +35: D:/UserFiles/Development/Projects/ZRC/maimai-home-assistant/apps/mobile/test/state/auth_provider_test.dart: authNotifierProvider tokenProvider mirrors authNotifier state changes
00:00 +36: D:/UserFiles/Development/Projects/ZRC/maimai-home-assistant/apps/mobile/test/state/connection_provider_test.dart: (setUpAll)
00:00 +36: D:/UserFiles/Development/Projects/ZRC/maimai-home-assistant/apps/mobile/test/state/connection_provider_test.dart: connectionStateProvider initial state is idle
00:00 +37: D:/UserFiles/Development/Projects/ZRC/maimai-home-assistant/apps/mobile/test/state/connection_provider_test.dart: connectionStateProvider connect() transitions idle -> connecting -> connected on success
00:00 +38: D:/UserFiles/Development/Projects/ZRC/maimai-home-assistant/apps/mobile/test/state/connection_provider_test.dart: connectionStateProvider connect() transitions to error on 401
00:00 +39: D:/UserFiles/Development/Projects/ZRC/maimai-home-assistant/apps/mobile/test/state/connection_provider_test.dart: connectionStateProvider connect() rejects empty/invalid address with unknown error
00:00 +40: D:/UserFiles/Development/Projects/ZRC/maimai-home-assistant/apps/mobile/test/state/connection_provider_test.dart: connectionStateProvider connect() maps timeout to network error
00:00 +41: D:/UserFiles/Development/Projects/ZRC/maimai-home-assistant/apps/mobile/test/state/connection_provider_test.dart: agentAddressProvider default value is 192.168.1.100:8765
00:00 +42: D:/UserFiles/Development/Projects/ZRC/maimai-home-assistant/apps/mobile/test/state/connection_provider_test.dart: agentAddressProvider can be updated
00:00 +43: D:/UserFiles/Development/Projects/ZRC/maimai-home-assistant/apps/mobile/test/state/connection_provider_test.dart: (tearDownAll)
00:00 +43: D:/UserFiles/Development/Projects/ZRC/maimai-home-assistant/apps/mobile/test/state/events_provider_test.dart: eventStreamProvider yields decoded envelopes
00:00 +44: D:/UserFiles/Development/Projects/ZRC/maimai-home-assistant/apps/mobile/test/state/events_provider_test.dart: audio.state event invalidates audioStateProvider
00:00 +45: D:/UserFiles/Development/Projects/ZRC/maimai-home-assistant/apps/mobile/test/state/events_provider_test.dart: audio.device.changed event invalidates audioDevicesProvider
00:00 +46: D:/UserFiles/Development/Projects/ZRC/maimai-home-assistant/apps/mobile/test/state/events_provider_test.dart: unknown event types do not blow up the bus
00:00 +47: D:/UserFiles/Development/Projects/ZRC/maimai-home-assistant/apps/mobile/test/state/events_provider_test.dart: file.created event invalidates the parent fileListingProvider
00:00 +48: D:/UserFiles/Development/Projects/ZRC/maimai-home-assistant/apps/mobile/test/state/files_provider_test.dart: (setUpAll)
00:00 +48: D:/UserFiles/Development/Projects/ZRC/maimai-home-assistant/apps/mobile/test/state/files_provider_test.dart: fileRootsProvider returns roots from client.fetchFileRoots()
00:00 +49: D:/UserFiles/Development/Projects/ZRC/maimai-home-assistant/apps/mobile/test/state/files_provider_test.dart: fileRootsProvider propagates AgentClientException on failure
00:00 +50: D:/UserFiles/Development/Projects/ZRC/maimai-home-assistant/apps/mobile/test/state/files_provider_test.dart: fileListingProvider fetchListing returns entries
00:00 +51: D:/UserFiles/Development/Projects/ZRC/maimai-home-assistant/apps/mobile/test/state/files_provider_test.dart: fileListingProvider returns truncated=true when listing is large
00:00 +52: D:/UserFiles/Development/Projects/ZRC/maimai-home-assistant/apps/mobile/test/state/files_provider_test.dart: fileMutationsProvider delete invalidates listing
00:00 +53: D:/UserFiles/Development/Projects/ZRC/maimai-home-assistant/apps/mobile/test/state/files_provider_test.dart: fileMutationsProvider rename invalidates listing
00:00 +54: D:/UserFiles/Development/Projects/ZRC/maimai-home-assistant/apps/mobile/test/state/files_provider_test.dart: fileMutationsProvider move invalidates source and destination listings
00:00 +55: D:/UserFiles/Development/Projects/ZRC/maimai-home-assistant/apps/mobile/test/state/files_provider_test.dart: fileMutationsProvider upload invalidates listing on the destination directory
00:00 +56: D:/UserFiles/Development/Projects/ZRC/maimai-home-assistant/apps/mobile/test/state/files_provider_test.dart: (tearDownAll)
00:00 +56: D:/UserFiles/Development/Projects/ZRC/maimai-home-assistant/apps/mobile/test/widget/audio_page_test.dart: (setUpAll)
00:00 +56: D:/UserFiles/Development/Projects/ZRC/maimai-home-assistant/apps/mobile/test/widget/audio_page_test.dart: renders default device name and current volume after load
00:01 +57: D:/UserFiles/Development/Projects/ZRC/maimai-home-assistant/apps/mobile/test/widget/files_page_test.dart: renders root list when fetchFileRoots succeeds
00:01 +58: D:/UserFiles/Development/Projects/ZRC/maimai-home-assistant/apps/mobile/test/widget/pairing_page_test.dart: renders pairing input and 閰嶅 button
00:01 +59: D:/UserFiles/Development/Projects/ZRC/maimai-home-assistant/apps/mobile/test/widget/pairing_page_test.dart: renders pairing input and 閰嶅 button
00:01 +60: D:/UserFiles/Development/Projects/ZRC/maimai-home-assistant/apps/mobile/test/widget_test.dart: shows PairingPage when no token saved
00:01 +61: D:/UserFiles/Development/Projects/ZRC/maimai-home-assistant/apps/mobile/test/widget_test.dart: shows PairingPage when no token saved
00:02 +62: D:/UserFiles/Development/Projects/ZRC/maimai-home-assistant/apps/mobile/test/widget_test.dart: shows PairingPage when no token saved
00:02 +63: D:/UserFiles/Development/Projects/ZRC/maimai-home-assistant/apps/mobile/test/widget_test.dart: shows PairingPage when no token saved
00:02 +64: D:/UserFiles/Development/Projects/ZRC/maimai-home-assistant/apps/mobile/test/widget/pairing_page_test.dart: wrong/expired code shows error message
00:02 +65: D:/UserFiles/Development/Projects/ZRC/maimai-home-assistant/apps/mobile/test/widget/files_page_test.dart: delete shows confirmation dialog and calls deleteFile on confirm
00:02 +66: D:/UserFiles/Development/Projects/ZRC/maimai-home-assistant/apps/mobile/test/widget/files_page_test.dart: delete shows confirmation dialog and calls deleteFile on confirm
00:02 +67: D:/UserFiles/Development/Projects/ZRC/maimai-home-assistant/apps/mobile/test/widget/files_page_test.dart: delete shows confirmation dialog and calls deleteFile on confirm
00:02 +68: D:/UserFiles/Development/Projects/ZRC/maimai-home-assistant/apps/mobile/test/widget/files_page_test.dart: delete shows confirmation dialog and calls deleteFile on confirm
00:02 +69: D:/UserFiles/Development/Projects/ZRC/maimai-home-assistant/apps/mobile/test/widget/files_page_test.dart: delete shows confirmation dialog and calls deleteFile on confirm
00:02 +70: D:/UserFiles/Development/Projects/ZRC/maimai-home-assistant/apps/mobile/test/widget/files_page_test.dart: delete shows confirmation dialog and calls deleteFile on confirm
00:02 +71: D:/UserFiles/Development/Projects/ZRC/maimai-home-assistant/apps/mobile/test/widget/files_page_test.dart: truncated banner appears when listing.truncated is true
00:02 +72: D:/UserFiles/Development/Projects/ZRC/maimai-home-assistant/apps/mobile/test/widget/files_page_test.dart: (tearDownAll)
00:02 +72: All tests passed!
