<?xml version="1.0" encoding="utf-8"?>
<TestRun id="750b0106-69b2-4b84-bfcc-3f79a2afd630" name="abbey@FRZ-XIAOXIN 2026-05-30 22:23:53" runUser="FRZ-XIAOXIN\abbey" xmlns="http://microsoft.com/schemas/VisualStudio/TeamTest/2010">
  <Times creation="2026-05-30T22:23:53.9904634+08:00" queuing="2026-05-30T22:23:53.9904637+08:00" start="2026-05-30T22:23:51.8177381+08:00" finish="2026-05-30T22:24:45.3032958+08:00" />
  <TestSettings name="default" id="ce1c520a-df32-4c0b-b07d-5af653132368">
    <Deployment runDeploymentRoot="abbey_FRZ-XIAOXIN_2026-05-30_22_23_53" />
  </TestSettings>
  <Results>
    <UnitTestResult executionId="4845b6e3-3196-4462-869c-40a2984f92b6" testId="2a089e8b-0fb8-0776-0d49-197f283d4160" testName="MaimaiHomeAgent.Tests.Security.PairingServiceTests.Exchange_ExpiredCode_FailsAsExpired" computerName="FRZ-XIAOXIN" duration="00:00:00.1632481" startTime="2026-05-30T22:24:45.2635947+08:00" endTime="2026-05-30T22:24:45.2635949+08:00" testType="13cdc9d9-ddb5-4fa4-a97d-d965ccfc6d4b" outcome="Passed" testListId="8c84fa94-04c1-424b-9868-57a2d4851a1d" relativeResultsDirectory="4845b6e3-3196-4462-869c-40a2984f92b6" />
    <UnitTestResult executionId="a58cbc5e-0844-43c9-a551-16c995db4639" testId="54f67d10-137b-ee12-99aa-e6097b509987" testName="MaimaiHomeAgent.Tests.Security.JsonFileTokenStoreTests.AtomicWrite_DoesNotLeaveTempFile" computerName="FRZ-XIAOXIN" duration="00:00:00.5122358" startTime="2026-05-30T22:23:59.5796991+08:00" endTime="2026-05-30T22:23:59.5796995+08:00" testType="13cdc9d9-ddb5-4fa4-a97d-d965ccfc6d4b" outcome="Passed" testListId="8c84fa94-04c1-424b-9868-57a2d4851a1d" relativeResultsDirectory="a58cbc5e-0844-43c9-a551-16c995db4639" />
    <UnitTestResult executionId="9d6d5d0d-3d00-4c91-94c5-e49d6eb9870f" testId="f6150134-92fa-bc76-1379-6b845ad4a2a5" testName="MaimaiHomeAgent.Tests.Security.PairingServiceTests.Exchange_WrongIp_FailsAsIpMismatch" computerName="FRZ-XIAOXIN" duration="00:00:00.0015406" startTime="2026-05-30T22:24:45.0993547+08:00" endTime="2026-05-30T22:24:45.0993548+08:00" testType="13cdc9d9-ddb5-4fa4-a97d-d965ccfc6d4b" outcome="Passed" testListId="8c84fa94-04c1-424b-9868-57a2d4851a1d" relativeResultsDirectory="9d6d5d0d-3d00-4c91-94c5-e49d6eb9870f" />
    <UnitTestResult executionId="9e1c385f-b2bc-4915-989d-2ee846637e15" testId="c12b7f9c-e20f-feb1-2b9e-16da9d811f12" testName="MaimaiHomeAgent.Tests.Security.JsonFileTokenStoreTests.ValidateAsync_UnknownToken_ReturnsNull" computerName="FRZ-XIAOXIN" duration="00:00:01.0259704" startTime="2026-05-30T22:23:55.9973540+08:00" endTime="2026-05-30T22:23:55.9973545+08:00" testType="13cdc9d9-ddb5-4fa4-a97d-d965ccfc6d4b" outcome="Passed" testListId="8c84fa94-04c1-424b-9868-57a2d4851a1d" relativeResultsDirectory="9e1c385f-b2bc-4915-989d-2ee846637e15" />
    <UnitTestResult executionId="1efa6d0b-a2cb-40be-bb35-98744578ee7f" testId="275587a3-62f0-b41c-d626-b45fee3b7a20" testName="MaimaiHomeAgent.Tests.Security.JsonFileTokenStoreTests.ReadFailure_FallsBackToEmpty" computerName="FRZ-XIAOXIN" duration="00:00:00.5157431" startTime="2026-05-30T22:24:02.1311625+08:00" endTime="2026-05-30T22:24:02.1311629+08:00" testType="13cdc9d9-ddb5-4fa4-a97d-d965ccfc6d4b" outcome="Passed" testListId="8c84fa94-04c1-424b-9868-57a2d4851a1d" relativeResultsDirectory="1efa6d0b-a2cb-40be-bb35-98744578ee7f" />
    <UnitTestResult executionId="cdf40edd-9e91-4308-b9da-d9b3b65c69c6" testId="e97eee58-3578-b01b-c213-5a81959472e8" testName="MaimaiHomeAgent.Tests.Security.JsonFileTokenStoreTests.RemoveAsync_UnknownId_ReturnsFalse" computerName="FRZ-XIAOXIN" duration="00:00:01.5348945" startTime="2026-05-30T22:23:59.0670107+08:00" endTime="2026-05-30T22:23:59.0670111+08:00" testType="13cdc9d9-ddb5-4fa4-a97d-d965ccfc6d4b" outcome="Passed" testListId="8c84fa94-04c1-424b-9868-57a2d4851a1d" relativeResultsDirectory="cdf40edd-9e91-4308-b9da-d9b3b65c69c6" />
    <UnitTestResult executionId="c4b67e84-9ae0-4a7f-84a9-8146a1c07d39" testId="3126a61e-9e2c-36fa-4da7-7210521866df" testName="MaimaiHomeAgent.Tests.Security.JsonFileTokenStoreTests.Add_Persists_AcrossInstances" computerName="FRZ-XIAOXIN" duration="00:00:01.5339683" startTime="2026-05-30T22:23:57.5317570+08:00" endTime="2026-05-30T22:23:57.5317576+08:00" testType="13cdc9d9-ddb5-4fa4-a97d-d965ccfc6d4b" outcome="Passed" testListId="8c84fa94-04c1-424b-9868-57a2d4851a1d" relativeResultsDirectory="c4b67e84-9ae0-4a7f-84a9-8146a1c07d39" />
    <UnitTestResult executionId="a3dbed3b-42a0-455e-8b65-dbf9c62702d2" testId="3dbe1526-c7d9-b4f7-5cfd-4017f706511b" testName="MaimaiHomeAgent.Tests.Security.JsonFileTokenStoreTests.ValidateAsync_ValidToken_ReturnsRecord" computerName="FRZ-XIAOXIN" duration="00:00:02.0313965" startTime="2026-05-30T22:23:54.9710211+08:00" endTime="2026-05-30T22:23:54.9710216+08:00" testType="13cdc9d9-ddb5-4fa4-a97d-d965ccfc6d4b" outcome="Passed" testListId="8c84fa94-04c1-424b-9868-57a2d4851a1d" relativeResultsDirectory="a3dbed3b-42a0-455e-8b65-dbf9c62702d2" />
    <UnitTestResult executionId="f267568b-64b2-4668-b269-f7fe3f0e6e90" testId="1d5445ae-892a-b01b-4f62-4d5e37d3dfeb" testName="MaimaiHomeAgent.Tests.Security.PairingServiceTests.CreateCode_EmptyLabel_Throws" computerName="FRZ-XIAOXIN" duration="00:00:00.0001943" startTime="2026-05-30T22:24:45.0999651+08:00" endTime="2026-05-30T22:24:45.0999651+08:00" testType="13cdc9d9-ddb5-4fa4-a97d-d965ccfc6d4b" outcome="Passed" testListId="8c84fa94-04c1-424b-9868-57a2d4851a1d" relativeResultsDirectory="f267568b-64b2-4668-b269-f7fe3f0e6e90" />
    <UnitTestResult executionId="708f6252-7c7d-4439-9e46-a32f6741c2a8" testId="8759b8a5-84b0-40a8-bf8f-4116b94472eb" testName="MaimaiHomeAgent.Tests.Security.PairingServiceTests.CreateCode_NullIp_Throws" computerName="FRZ-XIAOXIN" duration="00:00:00.0006767" startTime="2026-05-30T22:24:45.0977648+08:00" endTime="2026-05-30T22:24:45.0977652+08:00" testType="13cdc9d9-ddb5-4fa4-a97d-d965ccfc6d4b" outcome="Passed" testListId="8c84fa94-04c1-424b-9868-57a2d4851a1d" relativeResultsDirectory="708f6252-7c7d-4439-9e46-a32f6741c2a8" />
    <UnitTestResult executionId="7571a615-b049-41d5-8bf8-8cb758e76bc9" testId="4f78aa6c-bd4b-06eb-88c7-4a35ecbd249d" testName="MaimaiHomeAgent.Tests.Security.PairingServiceTests.Exchange_HundredConcurrent_ExactlyOneSucceeds" computerName="FRZ-XIAOXIN" duration="00:00:52.9294134" startTime="2026-05-30T22:24:45.0968841+08:00" endTime="2026-05-30T22:24:45.0968846+08:00" testType="13cdc9d9-ddb5-4fa4-a97d-d965ccfc6d4b" outcome="Passed" testListId="8c84fa94-04c1-424b-9868-57a2d4851a1d" relativeResultsDirectory="7571a615-b049-41d5-8bf8-8cb758e76bc9" />
    <UnitTestResult executionId="ecc91bc7-edf4-40f3-8760-90f74fa4dc48" testId="237206b2-e6af-b211-3ea0-43a0cbd8385c" testName="MaimaiHomeAgent.Tests.Security.JsonFileTokenStoreTests.ValidateAsync_ExpiredToken_ReturnsNull" computerName="FRZ-XIAOXIN" duration="00:00:01.5375177" startTime="2026-05-30T22:24:05.1971673+08:00" endTime="2026-05-30T22:24:05.1971675+08:00" testType="13cdc9d9-ddb5-4fa4-a97d-d965ccfc6d4b" outcome="Passed" testListId="8c84fa94-04c1-424b-9868-57a2d4851a1d" relativeResultsDirectory="ecc91bc7-edf4-40f3-8760-90f74fa4dc48" />
    <UnitTestResult executionId="3a436690-d4da-456c-a43a-8966cabcabc4" testId="7f439b78-71fd-b9df-c6c1-2249b1273884" testName="MaimaiHomeAgent.Tests.Security.PairingServiceTests.Exchange_SameCodeTwice_SecondFailsAsCodeNotFound" computerName="FRZ-XIAOXIN" duration="00:00:00.0003327" startTime="2026-05-30T22:24:45.0997366+08:00" endTime="2026-05-30T22:24:45.0997367+08:00" testType="13cdc9d9-ddb5-4fa4-a97d-d965ccfc6d4b" outcome="Passed" testListId="8c84fa94-04c1-424b-9868-57a2d4851a1d" relativeResultsDirectory="3a436690-d4da-456c-a43a-8966cabcabc4" />
    <UnitTestResult executionId="cf4806b6-db75-4872-8c28-ee67af1a7c6d" testId="e858ab12-d130-f3a9-680f-cd2842dffc21" testName="MaimaiHomeAgent.Tests.Security.JsonFileTokenStoreTests.RemoveAsync_KnownId_ReturnsTrueAndPersists" computerName="FRZ-XIAOXIN" duration="00:00:00.7697208" startTime="2026-05-30T22:23:52.9390718+08:00" endTime="2026-05-30T22:23:52.9390830+08:00" testType="13cdc9d9-ddb5-4fa4-a97d-d965ccfc6d4b" outcome="Passed" testListId="8c84fa94-04c1-424b-9868-57a2d4851a1d" relativeResultsDirectory="cf4806b6-db75-4872-8c28-ee67af1a7c6d" />
    <UnitTestResult executionId="f6ef3986-9763-4997-9ad2-e1a33b015b2c" testId="37908f98-856d-c72a-e2fd-3397fd2eb5a7" testName="MaimaiHomeAgent.Tests.Security.PairingServiceTests.Exchange_ReturnsValidToken_OnHappyPath" computerName="FRZ-XIAOXIN" duration="00:00:00.0006816" startTime="2026-05-30T22:24:45.2643727+08:00" endTime="2026-05-30T22:24:45.2643728+08:00" testType="13cdc9d9-ddb5-4fa4-a97d-d965ccfc6d4b" outcome="Passed" testListId="8c84fa94-04c1-424b-9868-57a2d4851a1d" relativeResultsDirectory="f6ef3986-9763-4997-9ad2-e1a33b015b2c" />
    <UnitTestResult executionId="6e17d563-fc30-4c94-a0dc-19c9b74fda21" testId="ce92072c-5c61-edfa-5782-7a7d94fb9504" testName="MaimaiHomeAgent.Tests.Security.JsonFileTokenStoreTests.Concurrent_50_Adds_AllReadableBack" computerName="FRZ-XIAOXIN" duration="00:00:02.0350315" startTime="2026-05-30T22:24:01.6150899+08:00" endTime="2026-05-30T22:24:01.6150903+08:00" testType="13cdc9d9-ddb5-4fa4-a97d-d965ccfc6d4b" outcome="Passed" testListId="8c84fa94-04c1-424b-9868-57a2d4851a1d" relativeResultsDirectory="6e17d563-fc30-4c94-a0dc-19c9b74fda21" />
    <UnitTestResult executionId="df387486-74d2-47f1-83cd-07728c143d85" testId="bfafa961-6ffd-0624-804a-4272fb50e47d" testName="MaimaiHomeAgent.Tests.Security.JsonFileTokenStoreTests.Add_Then_List_ContainsNewToken" computerName="FRZ-XIAOXIN" duration="00:00:01.5278289" startTime="2026-05-30T22:24:03.6593094+08:00" endTime="2026-05-30T22:24:03.6593096+08:00" testType="13cdc9d9-ddb5-4fa4-a97d-d965ccfc6d4b" outcome="Passed" testListId="8c84fa94-04c1-424b-9868-57a2d4851a1d" relativeResultsDirectory="df387486-74d2-47f1-83cd-07728c143d85" />
  </Results>
  <TestDefinitions>
    <UnitTest name="MaimaiHomeAgent.Tests.Security.JsonFileTokenStoreTests.RemoveAsync_KnownId_ReturnsTrueAndPersists" storage="d:\userfiles\development\projects\zrc\maimai-home-assistant\services\windows-agent\tests\maimaihomeagent.tests\bin\debug\net9.0\maimaihomeagent.tests.dll" id="e858ab12-d130-f3a9-680f-cd2842dffc21">
      <Execution id="cf4806b6-db75-4872-8c28-ee67af1a7c6d" />
      <TestMethod codeBase="D:\UserFiles\Development\Projects\ZRC\maimai-home-assistant\services\windows-agent\tests\MaimaiHomeAgent.Tests\bin\Debug\net9.0\MaimaiHomeAgent.Tests.dll" adapterTypeName="executor://xunit/VsTestRunner2/netcoreapp" className="MaimaiHomeAgent.Tests.Security.JsonFileTokenStoreTests" name="RemoveAsync_KnownId_ReturnsTrueAndPersists" />
    </UnitTest>
    <UnitTest name="MaimaiHomeAgent.Tests.Security.PairingServiceTests.Exchange_SameCodeTwice_SecondFailsAsCodeNotFound" storage="d:\userfiles\development\projects\zrc\maimai-home-assistant\services\windows-agent\tests\maimaihomeagent.tests\bin\debug\net9.0\maimaihomeagent.tests.dll" id="7f439b78-71fd-b9df-c6c1-2249b1273884">
      <Execution id="3a436690-d4da-456c-a43a-8966cabcabc4" />
      <TestMethod codeBase="D:\UserFiles\Development\Projects\ZRC\maimai-home-assistant\services\windows-agent\tests\MaimaiHomeAgent.Tests\bin\Debug\net9.0\MaimaiHomeAgent.Tests.dll" adapterTypeName="executor://xunit/VsTestRunner2/netcoreapp" className="MaimaiHomeAgent.Tests.Security.PairingServiceTests" name="Exchange_SameCodeTwice_SecondFailsAsCodeNotFound" />
    </UnitTest>
    <UnitTest name="MaimaiHomeAgent.Tests.Security.PairingServiceTests.Exchange_ReturnsValidToken_OnHappyPath" storage="d:\userfiles\development\projects\zrc\maimai-home-assistant\services\windows-agent\tests\maimaihomeagent.tests\bin\debug\net9.0\maimaihomeagent.tests.dll" id="37908f98-856d-c72a-e2fd-3397fd2eb5a7">
      <Execution id="f6ef3986-9763-4997-9ad2-e1a33b015b2c" />
      <TestMethod codeBase="D:\UserFiles\Development\Projects\ZRC\maimai-home-assistant\services\windows-agent\tests\MaimaiHomeAgent.Tests\bin\Debug\net9.0\MaimaiHomeAgent.Tests.dll" adapterTypeName="executor://xunit/VsTestRunner2/netcoreapp" className="MaimaiHomeAgent.Tests.Security.PairingServiceTests" name="Exchange_ReturnsValidToken_OnHappyPath" />
    </UnitTest>
    <UnitTest name="MaimaiHomeAgent.Tests.Security.JsonFileTokenStoreTests.ValidateAsync_ExpiredToken_ReturnsNull" storage="d:\userfiles\development\projects\zrc\maimai-home-assistant\services\windows-agent\tests\maimaihomeagent.tests\bin\debug\net9.0\maimaihomeagent.tests.dll" id="237206b2-e6af-b211-3ea0-43a0cbd8385c">
      <Execution id="ecc91bc7-edf4-40f3-8760-90f74fa4dc48" />
      <TestMethod codeBase="D:\UserFiles\Development\Projects\ZRC\maimai-home-assistant\services\windows-agent\tests\MaimaiHomeAgent.Tests\bin\Debug\net9.0\MaimaiHomeAgent.Tests.dll" adapterTypeName="executor://xunit/VsTestRunner2/netcoreapp" className="MaimaiHomeAgent.Tests.Security.JsonFileTokenStoreTests" name="ValidateAsync_ExpiredToken_ReturnsNull" />
    </UnitTest>
    <UnitTest name="MaimaiHomeAgent.Tests.Security.JsonFileTokenStoreTests.Concurrent_50_Adds_AllReadableBack" storage="d:\userfiles\development\projects\zrc\maimai-home-assistant\services\windows-agent\tests\maimaihomeagent.tests\bin\debug\net9.0\maimaihomeagent.tests.dll" id="ce92072c-5c61-edfa-5782-7a7d94fb9504">
      <Execution id="6e17d563-fc30-4c94-a0dc-19c9b74fda21" />
      <TestMethod codeBase="D:\UserFiles\Development\Projects\ZRC\maimai-home-assistant\services\windows-agent\tests\MaimaiHomeAgent.Tests\bin\Debug\net9.0\MaimaiHomeAgent.Tests.dll" adapterTypeName="executor://xunit/VsTestRunner2/netcoreapp" className="MaimaiHomeAgent.Tests.Security.JsonFileTokenStoreTests" name="Concurrent_50_Adds_AllReadableBack" />
    </UnitTest>
    <UnitTest name="MaimaiHomeAgent.Tests.Security.JsonFileTokenStoreTests.ValidateAsync_ValidToken_ReturnsRecord" storage="d:\userfiles\development\projects\zrc\maimai-home-assistant\services\windows-agent\tests\maimaihomeagent.tests\bin\debug\net9.0\maimaihomeagent.tests.dll" id="3dbe1526-c7d9-b4f7-5cfd-4017f706511b">
      <Execution id="a3dbed3b-42a0-455e-8b65-dbf9c62702d2" />
      <TestMethod codeBase="D:\UserFiles\Development\Projects\ZRC\maimai-home-assistant\services\windows-agent\tests\MaimaiHomeAgent.Tests\bin\Debug\net9.0\MaimaiHomeAgent.Tests.dll" adapterTypeName="executor://xunit/VsTestRunner2/netcoreapp" className="MaimaiHomeAgent.Tests.Security.JsonFileTokenStoreTests" name="ValidateAsync_ValidToken_ReturnsRecord" />
    </UnitTest>
    <UnitTest name="MaimaiHomeAgent.Tests.Security.PairingServiceTests.Exchange_HundredConcurrent_ExactlyOneSucceeds" storage="d:\userfiles\development\projects\zrc\maimai-home-assistant\services\windows-agent\tests\maimaihomeagent.tests\bin\debug\net9.0\maimaihomeagent.tests.dll" id="4f78aa6c-bd4b-06eb-88c7-4a35ecbd249d">
      <Execution id="7571a615-b049-41d5-8bf8-8cb758e76bc9" />
      <TestMethod codeBase="D:\UserFiles\Development\Projects\ZRC\maimai-home-assistant\services\windows-agent\tests\MaimaiHomeAgent.Tests\bin\Debug\net9.0\MaimaiHomeAgent.Tests.dll" adapterTypeName="executor://xunit/VsTestRunner2/netcoreapp" className="MaimaiHomeAgent.Tests.Security.PairingServiceTests" name="Exchange_HundredConcurrent_ExactlyOneSucceeds" />
    </UnitTest>
    <UnitTest name="MaimaiHomeAgent.Tests.Security.PairingServiceTests.CreateCode_NullIp_Throws" storage="d:\userfiles\development\projects\zrc\maimai-home-assistant\services\windows-agent\tests\maimaihomeagent.tests\bin\debug\net9.0\maimaihomeagent.tests.dll" id="8759b8a5-84b0-40a8-bf8f-4116b94472eb">
      <Execution id="708f6252-7c7d-4439-9e46-a32f6741c2a8" />
      <TestMethod codeBase="D:\UserFiles\Development\Projects\ZRC\maimai-home-assistant\services\windows-agent\tests\MaimaiHomeAgent.Tests\bin\Debug\net9.0\MaimaiHomeAgent.Tests.dll" adapterTypeName="executor://xunit/VsTestRunner2/netcoreapp" className="MaimaiHomeAgent.Tests.Security.PairingServiceTests" name="CreateCode_NullIp_Throws" />
    </UnitTest>
    <UnitTest name="MaimaiHomeAgent.Tests.Security.JsonFileTokenStoreTests.ReadFailure_FallsBackToEmpty" storage="d:\userfiles\development\projects\zrc\maimai-home-assistant\services\windows-agent\tests\maimaihomeagent.tests\bin\debug\net9.0\maimaihomeagent.tests.dll" id="275587a3-62f0-b41c-d626-b45fee3b7a20">
      <Execution id="1efa6d0b-a2cb-40be-bb35-98744578ee7f" />
      <TestMethod codeBase="D:\UserFiles\Development\Projects\ZRC\maimai-home-assistant\services\windows-agent\tests\MaimaiHomeAgent.Tests\bin\Debug\net9.0\MaimaiHomeAgent.Tests.dll" adapterTypeName="executor://xunit/VsTestRunner2/netcoreapp" className="MaimaiHomeAgent.Tests.Security.JsonFileTokenStoreTests" name="ReadFailure_FallsBackToEmpty" />
    </UnitTest>
    <UnitTest name="MaimaiHomeAgent.Tests.Security.JsonFileTokenStoreTests.AtomicWrite_DoesNotLeaveTempFile" storage="d:\userfiles\development\projects\zrc\maimai-home-assistant\services\windows-agent\tests\maimaihomeagent.tests\bin\debug\net9.0\maimaihomeagent.tests.dll" id="54f67d10-137b-ee12-99aa-e6097b509987">
      <Execution id="a58cbc5e-0844-43c9-a551-16c995db4639" />
      <TestMethod codeBase="D:\UserFiles\Development\Projects\ZRC\maimai-home-assistant\services\windows-agent\tests\MaimaiHomeAgent.Tests\bin\Debug\net9.0\MaimaiHomeAgent.Tests.dll" adapterTypeName="executor://xunit/VsTestRunner2/netcoreapp" className="MaimaiHomeAgent.Tests.Security.JsonFileTokenStoreTests" name="AtomicWrite_DoesNotLeaveTempFile" />
    </UnitTest>
    <UnitTest name="MaimaiHomeAgent.Tests.Security.JsonFileTokenStoreTests.RemoveAsync_UnknownId_ReturnsFalse" storage="d:\userfiles\development\projects\zrc\maimai-home-assistant\services\windows-agent\tests\maimaihomeagent.tests\bin\debug\net9.0\maimaihomeagent.tests.dll" id="e97eee58-3578-b01b-c213-5a81959472e8">
      <Execution id="cdf40edd-9e91-4308-b9da-d9b3b65c69c6" />
      <TestMethod codeBase="D:\UserFiles\Development\Projects\ZRC\maimai-home-assistant\services\windows-agent\tests\MaimaiHomeAgent.Tests\bin\Debug\net9.0\MaimaiHomeAgent.Tests.dll" adapterTypeName="executor://xunit/VsTestRunner2/netcoreapp" className="MaimaiHomeAgent.Tests.Security.JsonFileTokenStoreTests" name="RemoveAsync_UnknownId_ReturnsFalse" />
    </UnitTest>
    <UnitTest name="MaimaiHomeAgent.Tests.Security.JsonFileTokenStoreTests.Add_Then_List_ContainsNewToken" storage="d:\userfiles\development\projects\zrc\maimai-home-assistant\services\windows-agent\tests\maimaihomeagent.tests\bin\debug\net9.0\maimaihomeagent.tests.dll" id="bfafa961-6ffd-0624-804a-4272fb50e47d">
      <Execution id="df387486-74d2-47f1-83cd-07728c143d85" />
      <TestMethod codeBase="D:\UserFiles\Development\Projects\ZRC\maimai-home-assistant\services\windows-agent\tests\MaimaiHomeAgent.Tests\bin\Debug\net9.0\MaimaiHomeAgent.Tests.dll" adapterTypeName="executor://xunit/VsTestRunner2/netcoreapp" className="MaimaiHomeAgent.Tests.Security.JsonFileTokenStoreTests" name="Add_Then_List_ContainsNewToken" />
    </UnitTest>
    <UnitTest name="MaimaiHomeAgent.Tests.Security.PairingServiceTests.Exchange_ExpiredCode_FailsAsExpired" storage="d:\userfiles\development\projects\zrc\maimai-home-assistant\services\windows-agent\tests\maimaihomeagent.tests\bin\debug\net9.0\maimaihomeagent.tests.dll" id="2a089e8b-0fb8-0776-0d49-197f283d4160">
      <Execution id="4845b6e3-3196-4462-869c-40a2984f92b6" />
      <TestMethod codeBase="D:\UserFiles\Development\Projects\ZRC\maimai-home-assistant\services\windows-agent\tests\MaimaiHomeAgent.Tests\bin\Debug\net9.0\MaimaiHomeAgent.Tests.dll" adapterTypeName="executor://xunit/VsTestRunner2/netcoreapp" className="MaimaiHomeAgent.Tests.Security.PairingServiceTests" name="Exchange_ExpiredCode_FailsAsExpired" />
    </UnitTest>
    <UnitTest name="MaimaiHomeAgent.Tests.Security.PairingServiceTests.Exchange_WrongIp_FailsAsIpMismatch" storage="d:\userfiles\development\projects\zrc\maimai-home-assistant\services\windows-agent\tests\maimaihomeagent.tests\bin\debug\net9.0\maimaihomeagent.tests.dll" id="f6150134-92fa-bc76-1379-6b845ad4a2a5">
      <Execution id="9d6d5d0d-3d00-4c91-94c5-e49d6eb9870f" />
      <TestMethod codeBase="D:\UserFiles\Development\Projects\ZRC\maimai-home-assistant\services\windows-agent\tests\MaimaiHomeAgent.Tests\bin\Debug\net9.0\MaimaiHomeAgent.Tests.dll" adapterTypeName="executor://xunit/VsTestRunner2/netcoreapp" className="MaimaiHomeAgent.Tests.Security.PairingServiceTests" name="Exchange_WrongIp_FailsAsIpMismatch" />
    </UnitTest>
    <UnitTest name="MaimaiHomeAgent.Tests.Security.PairingServiceTests.CreateCode_EmptyLabel_Throws" storage="d:\userfiles\development\projects\zrc\maimai-home-assistant\services\windows-agent\tests\maimaihomeagent.tests\bin\debug\net9.0\maimaihomeagent.tests.dll" id="1d5445ae-892a-b01b-4f62-4d5e37d3dfeb">
      <Execution id="f267568b-64b2-4668-b269-f7fe3f0e6e90" />
      <TestMethod codeBase="D:\UserFiles\Development\Projects\ZRC\maimai-home-assistant\services\windows-agent\tests\MaimaiHomeAgent.Tests\bin\Debug\net9.0\MaimaiHomeAgent.Tests.dll" adapterTypeName="executor://xunit/VsTestRunner2/netcoreapp" className="MaimaiHomeAgent.Tests.Security.PairingServiceTests" name="CreateCode_EmptyLabel_Throws" />
    </UnitTest>
    <UnitTest name="MaimaiHomeAgent.Tests.Security.JsonFileTokenStoreTests.Add_Persists_AcrossInstances" storage="d:\userfiles\development\projects\zrc\maimai-home-assistant\services\windows-agent\tests\maimaihomeagent.tests\bin\debug\net9.0\maimaihomeagent.tests.dll" id="3126a61e-9e2c-36fa-4da7-7210521866df">
      <Execution id="c4b67e84-9ae0-4a7f-84a9-8146a1c07d39" />
      <TestMethod codeBase="D:\UserFiles\Development\Projects\ZRC\maimai-home-assistant\services\windows-agent\tests\MaimaiHomeAgent.Tests\bin\Debug\net9.0\MaimaiHomeAgent.Tests.dll" adapterTypeName="executor://xunit/VsTestRunner2/netcoreapp" className="MaimaiHomeAgent.Tests.Security.JsonFileTokenStoreTests" name="Add_Persists_AcrossInstances" />
    </UnitTest>
    <UnitTest name="MaimaiHomeAgent.Tests.Security.JsonFileTokenStoreTests.ValidateAsync_UnknownToken_ReturnsNull" storage="d:\userfiles\development\projects\zrc\maimai-home-assistant\services\windows-agent\tests\maimaihomeagent.tests\bin\debug\net9.0\maimaihomeagent.tests.dll" id="c12b7f9c-e20f-feb1-2b9e-16da9d811f12">
      <Execution id="9e1c385f-b2bc-4915-989d-2ee846637e15" />
      <TestMethod codeBase="D:\UserFiles\Development\Projects\ZRC\maimai-home-assistant\services\windows-agent\tests\MaimaiHomeAgent.Tests\bin\Debug\net9.0\MaimaiHomeAgent.Tests.dll" adapterTypeName="executor://xunit/VsTestRunner2/netcoreapp" className="MaimaiHomeAgent.Tests.Security.JsonFileTokenStoreTests" name="ValidateAsync_UnknownToken_ReturnsNull" />
    </UnitTest>
  </TestDefinitions>
  <TestEntries>
    <TestEntry testId="2a089e8b-0fb8-0776-0d49-197f283d4160" executionId="4845b6e3-3196-4462-869c-40a2984f92b6" testListId="8c84fa94-04c1-424b-9868-57a2d4851a1d" />
    <TestEntry testId="54f67d10-137b-ee12-99aa-e6097b509987" executionId="a58cbc5e-0844-43c9-a551-16c995db4639" testListId="8c84fa94-04c1-424b-9868-57a2d4851a1d" />
    <TestEntry testId="f6150134-92fa-bc76-1379-6b845ad4a2a5" executionId="9d6d5d0d-3d00-4c91-94c5-e49d6eb9870f" testListId="8c84fa94-04c1-424b-9868-57a2d4851a1d" />
    <TestEntry testId="c12b7f9c-e20f-feb1-2b9e-16da9d811f12" executionId="9e1c385f-b2bc-4915-989d-2ee846637e15" testListId="8c84fa94-04c1-424b-9868-57a2d4851a1d" />
    <TestEntry testId="275587a3-62f0-b41c-d626-b45fee3b7a20" executionId="1efa6d0b-a2cb-40be-bb35-98744578ee7f" testListId="8c84fa94-04c1-424b-9868-57a2d4851a1d" />
    <TestEntry testId="e97eee58-3578-b01b-c213-5a81959472e8" executionId="cdf40edd-9e91-4308-b9da-d9b3b65c69c6" testListId="8c84fa94-04c1-424b-9868-57a2d4851a1d" />
    <TestEntry testId="3126a61e-9e2c-36fa-4da7-7210521866df" executionId="c4b67e84-9ae0-4a7f-84a9-8146a1c07d39" testListId="8c84fa94-04c1-424b-9868-57a2d4851a1d" />
    <TestEntry testId="3dbe1526-c7d9-b4f7-5cfd-4017f706511b" executionId="a3dbed3b-42a0-455e-8b65-dbf9c62702d2" testListId="8c84fa94-04c1-424b-9868-57a2d4851a1d" />
    <TestEntry testId="1d5445ae-892a-b01b-4f62-4d5e37d3dfeb" executionId="f267568b-64b2-4668-b269-f7fe3f0e6e90" testListId="8c84fa94-04c1-424b-9868-57a2d4851a1d" />
    <TestEntry testId="8759b8a5-84b0-40a8-bf8f-4116b94472eb" executionId="708f6252-7c7d-4439-9e46-a32f6741c2a8" testListId="8c84fa94-04c1-424b-9868-57a2d4851a1d" />
    <TestEntry testId="4f78aa6c-bd4b-06eb-88c7-4a35ecbd249d" executionId="7571a615-b049-41d5-8bf8-8cb758e76bc9" testListId="8c84fa94-04c1-424b-9868-57a2d4851a1d" />
    <TestEntry testId="237206b2-e6af-b211-3ea0-43a0cbd8385c" executionId="ecc91bc7-edf4-40f3-8760-90f74fa4dc48" testListId="8c84fa94-04c1-424b-9868-57a2d4851a1d" />
    <TestEntry testId="7f439b78-71fd-b9df-c6c1-2249b1273884" executionId="3a436690-d4da-456c-a43a-8966cabcabc4" testListId="8c84fa94-04c1-424b-9868-57a2d4851a1d" />
    <TestEntry testId="e858ab12-d130-f3a9-680f-cd2842dffc21" executionId="cf4806b6-db75-4872-8c28-ee67af1a7c6d" testListId="8c84fa94-04c1-424b-9868-57a2d4851a1d" />
    <TestEntry testId="37908f98-856d-c72a-e2fd-3397fd2eb5a7" executionId="f6ef3986-9763-4997-9ad2-e1a33b015b2c" testListId="8c84fa94-04c1-424b-9868-57a2d4851a1d" />
    <TestEntry testId="ce92072c-5c61-edfa-5782-7a7d94fb9504" executionId="6e17d563-fc30-4c94-a0dc-19c9b74fda21" testListId="8c84fa94-04c1-424b-9868-57a2d4851a1d" />
    <TestEntry testId="bfafa961-6ffd-0624-804a-4272fb50e47d" executionId="df387486-74d2-47f1-83cd-07728c143d85" testListId="8c84fa94-04c1-424b-9868-57a2d4851a1d" />
  </TestEntries>
  <TestLists>
    <TestList name="列表中未列出的结果" id="8c84fa94-04c1-424b-9868-57a2d4851a1d" />
    <TestList name="所有已加载的结果" id="19431567-8539-422a-85d7-44ee4e166bda" />
  </TestLists>
  <ResultSummary outcome="Completed">
    <Counters total="17" executed="17" passed="17" failed="0" error="0" timeout="0" aborted="0" inconclusive="0" passedButRunAborted="0" notRunnable="0" notExecuted="0" disconnected="0" warning="0" completed="0" inProgress="0" pending="0" />
    <Output>
      <StdOut>[xUnit.net 00:00:00.00] xUnit.net VSTest Adapter v2.8.2+699d445a1a (64-bit .NET 9.0.16)&#xD;
[xUnit.net 00:00:00.04]   Discovering: MaimaiHomeAgent.Tests&#xD;
[xUnit.net 00:00:00.06]   Discovered:  MaimaiHomeAgent.Tests&#xD;
[xUnit.net 00:00:00.06]   Starting:    MaimaiHomeAgent.Tests&#xD;
[xUnit.net 00:00:53.19]   Finished:    MaimaiHomeAgent.Tests&#xD;
</StdOut>
    </Output>
  </ResultSummary>
</TestRun>